injector_server: _build/default/contrib/octez_injector_server/octez_injector_server.exe
dal_echo_kernel: dal_echo_kernel.wasm
debug_kernel: etherlink/kernel_evm/kernel/tests/resources/debug_kernel.wasm
failed_migration: etherlink/kernel_evm/kernel/tests/resources/failed_migration.wasm
ghostnet_evm_kernel: etherlink/kernel_evm/kernel/tests/resources/ghostnet_evm_kernel.wasm
mainnet_evm_kernel: etherlink/kernel_evm/kernel/tests/resources/mainnet_evm_kernel.wasm
evm_kernel: evm_kernel.wasm
accuser_psparisc: octez-accuser-PsParisC
accuser_psquebec: octez-accuser-PsQuebec
accuser_alpha: octez-accuser-alpha
admin_client: octez-admin-client
baker_psparisc: octez-baker-PsParisC
baker_psquebec: octez-baker-PsQuebec
baker_alpha: octez-baker-alpha
client: octez-client
codec: octez-codec
dac_client: octez-dac-client
dac_node: octez-dac-node
dal_node: octez-dal-node
dsn_node: octez-dsn-node
evm_node: octez-evm-node
node: octez-node
protocol_compiler: octez-protocol-compiler
signer: octez-signer
smart_rollup_node: octez-smart-rollup-node
wasm_debugger: octez-smart-rollup-wasm-debugger
snoop: octez-snoop
teztale_archiver: octez-teztale-archiver
teztale_server: octez-teztale-server
smart_rollup_installer: smart-rollup-installer
echo: src/proto_alpha/lib_protocol/test/integration/wasm_kernel/echo.wasm
riscv_sandbox: src/riscv
riscv: src/riscv/assets/hermit-loader
riscv: src/riscv/assets/jstz
riscv: src/riscv/assets/jstz.checksum
riscv: src/riscv/assets/riscv-dummy.elf
riscv: src/riscv/assets/riscv-dummy.elf.checksum
riscv: src/riscv/riscv-dummy.elf
riscv_sandbox: src/riscv/riscv-sandbox
riscv: src/riscv/tests/inline_asm/rv64-inline-asm-tests
riscv: tezt/tests/riscv-tests/dummy-kernel-inbox.json
riscv: tezt/tests/riscv-tests/jstz-inbox.json
tx_kernel: tx_kernel.wasm
tx_kernel_dal: tx_kernel_dal.wasm
