
./octez-client --wait none set consensus key for bootstrap1 to tezt_1
Node is bootstrapped.
Estimated gas: 168.946 units (will add 100 for safety)
Estimated storage: no bytes added
Operation successfully injected in the node.
Operation hash is '[OPERATION_HASH]'
NOT waiting for the operation to be included.
Use command
  octez-client wait for [OPERATION_HASH] to be included --confirmations 1 --branch [BLOCK_HASH]
and/or an external block explorer to make sure that it has been included.
This sequence of operations was run:
  Manager signed operations:
    From: [PUBLIC_KEY_HASH]
    Fee to the baker: ꜩ0.000284
    Expected counter: 2
    Gas limit: 269
    Storage limit: 0 bytes
    Balance updates:
      [PUBLIC_KEY_HASH] ... -ꜩ0.000284
      payload fees(the block proposer) ....... +ꜩ0.000284
    Update_consensus_key:
      Public key hash: [PUBLIC_KEY_HASH]
      This consensus key update was successfully applied
      Consumed gas: 168.880


./octez-client --wait none set consensus key for bootstrap1 to bootstrap1
Node is bootstrapped.
Estimated gas: 168.946 units (will add 100 for safety)
Estimated storage: no bytes added
Operation successfully injected in the node.
Operation hash is '[OPERATION_HASH]'
NOT waiting for the operation to be included.
Use command
  octez-client wait for [OPERATION_HASH] to be included --confirmations 1 --branch [BLOCK_HASH]
and/or an external block explorer to make sure that it has been included.
This sequence of operations was run:
  Manager signed operations:
    From: [PUBLIC_KEY_HASH]
    Fee to the baker: ꜩ0.000284
    Expected counter: 3
    Gas limit: 269
    Storage limit: 0 bytes
    Balance updates:
      [PUBLIC_KEY_HASH] ... -ꜩ0.000284
      payload fees(the block proposer) ....... +ꜩ0.000284
    Update_consensus_key:
      Public key hash: [PUBLIC_KEY_HASH]
      This consensus key update was successfully applied
      Consumed gas: 168.880


./octez-client --wait none set consensus key for bootstrap3 to tezt_1
Node is bootstrapped.
Estimated gas: 168.946 units (will add 100 for safety)
Estimated storage: no bytes added
Operation successfully injected in the node.
Operation hash is '[OPERATION_HASH]'
NOT waiting for the operation to be included.
Use command
  octez-client wait for [OPERATION_HASH] to be included --confirmations 1 --branch [BLOCK_HASH]
and/or an external block explorer to make sure that it has been included.
This sequence of operations was run:
  Manager signed operations:
    From: [PUBLIC_KEY_HASH]
    Fee to the baker: ꜩ0.000284
    Expected counter: 1
    Gas limit: 269
    Storage limit: 0 bytes
    Balance updates:
      [PUBLIC_KEY_HASH] ... -ꜩ0.000284
      payload fees(the block proposer) ....... +ꜩ0.000284
    Update_consensus_key:
      Public key hash: [PUBLIC_KEY_HASH]
      This consensus key update was successfully applied
      Consumed gas: 168.880


./octez-client --wait none set consensus key for bootstrap4 to tezt_3
Node is bootstrapped.
Estimated gas: 168.946 units (will add 100 for safety)
Estimated storage: no bytes added
Operation successfully injected in the node.
Operation hash is '[OPERATION_HASH]'
NOT waiting for the operation to be included.
Use command
  octez-client wait for [OPERATION_HASH] to be included --confirmations 1 --branch [BLOCK_HASH]
and/or an external block explorer to make sure that it has been included.
This sequence of operations was run:
  Manager signed operations:
    From: [PUBLIC_KEY_HASH]
    Fee to the baker: ꜩ0.000284
    Expected counter: 2
    Gas limit: 269
    Storage limit: 0 bytes
    Balance updates:
      [PUBLIC_KEY_HASH] ... -ꜩ0.000284
      payload fees(the block proposer) ....... +ꜩ0.000284
    Update_consensus_key:
      Public key hash: [PUBLIC_KEY_HASH]
      This consensus key update was successfully applied
      Consumed gas: 168.880


./octez-client --wait none drain delegate bootstrap4 to tezt_5 with tezt_3
Node is bootstrapped.
Operation successfully injected in the node.
Operation hash is '[OPERATION_HASH]'
NOT waiting for the operation to be included.
Use command
  octez-client wait for [OPERATION_HASH] to be included --confirmations 1 --branch [BLOCK_HASH]
and/or an external block explorer to make sure that it has been included.
This sequence of operations was run:
  Drain delegate:
    Consensus key hash: [PUBLIC_KEY_HASH]
    Delegate: [PUBLIC_KEY_HASH]
    Destination: [PUBLIC_KEY_HASH]
    Balance updates:
      [PUBLIC_KEY_HASH] ... -ꜩ3761998.945847
      [PUBLIC_KEY_HASH] ... +ꜩ3761998.945847
      [PUBLIC_KEY_HASH] ... -ꜩ37999.989351
      [PUBLIC_KEY_HASH] ... +ꜩ37999.989351


./octez-client --wait none drain delegate bootstrap3 to tezt_5 with tezt_1
Node is bootstrapped.
Operation successfully injected in the node.
Operation hash is '[OPERATION_HASH]'
NOT waiting for the operation to be included.
Use command
  octez-client wait for [OPERATION_HASH] to be included --confirmations 1 --branch [BLOCK_HASH]
and/or an external block explorer to make sure that it has been included.
This sequence of operations was run:
  Drain delegate:
    Consensus key hash: [PUBLIC_KEY_HASH]
    Delegate: [PUBLIC_KEY_HASH]
    Destination: [PUBLIC_KEY_HASH]
    Balance updates:
      [PUBLIC_KEY_HASH] ... -ꜩ3761999.999719
      [PUBLIC_KEY_HASH] ... +ꜩ3761999.999719
      [PUBLIC_KEY_HASH] ... -ꜩ37999.999997
      [PUBLIC_KEY_HASH] ... +ꜩ37999.999997

