
./octez-client --wait none set consensus key for bootstrap1 to dummy_account_0
Node is bootstrapped.
Estimated gas: 168.946 units (will add 100 for safety)
Estimated storage: no bytes added
Operation successfully injected in the node.
Operation hash is '[OPERATION_HASH]'
NOT waiting for the operation to be included.
Use command
  octez-client wait for [OPERATION_HASH] to be included --confirmations 1 --branch [BLOCK_HASH]
and/or an external block explorer to make sure that it has been included.
This sequence of operations was run:
  Manager signed operations:
    From: [PUBLIC_KEY_HASH]
    Fee to the baker: ꜩ0.000284
    Expected counter: 1
    Gas limit: 269
    Storage limit: 0 bytes
    Balance updates:
      [PUBLIC_KEY_HASH] ... -ꜩ0.000284
      payload fees(the block proposer) ....... +ꜩ0.000284
    Update_consensus_key:
      Public key hash: [PUBLIC_KEY_HASH]
      This consensus key update was successfully applied
      Consumed gas: 168.880


./octez-client rpc get '/chains/main/blocks/head/context/delegates/[PUBLIC_KEY_HASH]'
{ "deactivated": false, "is_forbidden": false,
  "participation":
    { "expected_cycle_activity": 204, "minimal_cycle_activity": 136,
      "missed_slots": 0, "missed_levels": 0,
      "remaining_allowed_missed_slots": 68,
      "expected_attesting_rewards": "531216" }, "grace_period": 3,
  "active_staking_parameters":
    { "limit_of_staking_over_baking_millionth": 0,
      "edge_of_baking_over_staking_billionth": 1000000000 },
  "pending_staking_parameters": [], "baking_power": "4000000000000",
  "total_staked": "200000000000", "total_delegated": "3800000000000",
  "min_delegated_in_current_cycle":
    { "amount": "3800000000000",
      "level":
        { "level": 1, "level_position": 0, "cycle": 0, "cycle_position": 0,
          "expected_commitment": false } },
  "own_full_balance": "4000000000000", "own_staked": "200000000000",
  "own_delegated": "3800000000000", "external_staked": "0",
  "external_delegated": "0",
  "total_unstaked_per_cycle": [ { "cycle": 0, "deposit": "0" } ],
  "denunciations": [], "estimated_shared_pending_slashed_amount": "0",
  "staking_denominator": "0", "current_voting_power": "4000000000000",
  "voting_power": "4000000000000",
  "voting_info":
    { "voting_power": "4000000000000", "remaining_proposals": 20 },
  "consensus_key":
    { "active":
        { "pkh": "[PUBLIC_KEY_HASH]",
          "pk": "[PUBLIC_KEY]" } },
  "stakers":
    [ { "staker": "[PUBLIC_KEY_HASH]",
        "frozen_deposits": "200000000000" } ],
  "delegators": [ "[PUBLIC_KEY_HASH]" ] }

./octez-client rpc get '/chains/main/blocks/head/context/delegates/[PUBLIC_KEY_HASH]'
{ "deactivated": false, "is_forbidden": false,
  "participation":
    { "expected_cycle_activity": 204, "minimal_cycle_activity": 136,
      "missed_slots": 0, "missed_levels": 0,
      "remaining_allowed_missed_slots": 68,
      "expected_attesting_rewards": "531216" }, "grace_period": 3,
  "active_staking_parameters":
    { "limit_of_staking_over_baking_millionth": 0,
      "edge_of_baking_over_staking_billionth": 1000000000 },
  "pending_staking_parameters": [], "baking_power": "3999999999716",
  "total_staked": "200000000000", "total_delegated": "3799999999716",
  "min_delegated_in_current_cycle":
    { "amount": "3799999999716",
      "level":
        { "level": 2, "level_position": 1, "cycle": 0, "cycle_position": 1,
          "expected_commitment": false } },
  "own_full_balance": "3999999999716", "own_staked": "200000000000",
  "own_delegated": "3799999999716", "external_staked": "0",
  "external_delegated": "0",
  "total_unstaked_per_cycle": [ { "cycle": 0, "deposit": "0" } ],
  "denunciations": [], "estimated_shared_pending_slashed_amount": "0",
  "staking_denominator": "0", "current_voting_power": "3999999999716",
  "voting_power": "4000000000000",
  "voting_info":
    { "voting_power": "4000000000000", "remaining_proposals": 20 },
  "consensus_key":
    { "active":
        { "pkh": "[PUBLIC_KEY_HASH]",
          "pk": "[PUBLIC_KEY]" },
      "pendings":
        [ { "cycle": 2, "pkh": "[PUBLIC_KEY_HASH]",
            "pk": "[PUBLIC_KEY]" } ] },
  "stakers":
    [ { "staker": "[PUBLIC_KEY_HASH]",
        "frozen_deposits": "200000000000" } ],
  "delegators": [ "[PUBLIC_KEY_HASH]" ] }

./octez-client rpc get '/chains/main/blocks/head/context/delegates/[PUBLIC_KEY_HASH]'
{ "deactivated": false, "is_forbidden": false,
  "participation":
    { "expected_cycle_activity": 204, "minimal_cycle_activity": 136,
      "missed_slots": 0, "missed_levels": 0,
      "remaining_allowed_missed_slots": 68,
      "expected_attesting_rewards": "531216" }, "grace_period": 3,
  "active_staking_parameters":
    { "limit_of_staking_over_baking_millionth": 0,
      "edge_of_baking_over_staking_billionth": 1000000000 },
  "pending_staking_parameters": [], "baking_power": "4000001816592",
  "total_staked": "200000148225", "total_delegated": "3800002816271",
  "min_delegated_in_current_cycle":
    { "amount": "3800001668367",
      "level":
        { "level": 5, "level_position": 4, "cycle": 1, "cycle_position": 0,
          "expected_commitment": false } },
  "own_full_balance": "4000002964496", "own_staked": "200000148225",
  "own_delegated": "3800002816271", "external_staked": "0",
  "external_delegated": "0",
  "total_unstaked_per_cycle":
    [ { "cycle": 0, "deposit": "0" }, { "cycle": 1, "deposit": "15" } ],
  "denunciations": [], "estimated_shared_pending_slashed_amount": "0",
  "staking_denominator": "0", "current_voting_power": "4000002964496",
  "voting_power": "4000000000000",
  "voting_info":
    { "voting_power": "4000000000000", "remaining_proposals": 20 },
  "consensus_key":
    { "active":
        { "pkh": "[PUBLIC_KEY_HASH]",
          "pk": "[PUBLIC_KEY]" } },
  "stakers":
    [ { "staker": "[PUBLIC_KEY_HASH]",
        "frozen_deposits": "200000148225" } ],
  "delegators": [ "[PUBLIC_KEY_HASH]" ] }
