
./octez-client --protocol ProtoALphaALphaALphaALphaALphaALphaALphaALphaDdp3zK --mode mockup --no-base-dir-warnings run script michelson_test_scripts/opcodes/is_implicit_account_023.tz on storage None and input '"tz1KqTpEZ7Yob7QbPE4Hy4Wo8fHG8LhKxZSx"' --level 1 --trace-stack
storage
  (Some "tz1KqTpEZ7Yob7QbPE4Hy4Wo8fHG8LhKxZSx")
emitted operations
  
big_map diff
  
trace
  - location: 8 (just consumed gas: 7.953)
    [ (Pair "tz1KqTpEZ7Yob7QbPE4Hy4Wo8fHG8LhKxZSx" None) ]
  - location: 8 (just consumed gas: 0.010)
    [ "tz1KqTpEZ7Yob7QbPE4Hy4Wo8fHG8LhKxZSx" ]
  - location: 9 (just consumed gas: 0.010)
    [ (Some "tz1KqTpEZ7Yob7QbPE4Hy4Wo8fHG8LhKxZSx") ]
  - location: 10 (just consumed gas: 0.010)
    [ {}
      (Some "tz1KqTpEZ7Yob7QbPE4Hy4Wo8fHG8LhKxZSx") ]
  - location: 12 (just consumed gas: 0.010)
    [ (Pair {} (Some "tz1KqTpEZ7Yob7QbPE4Hy4Wo8fHG8LhKxZSx")) ]

