
./octez-client --protocol PsQuebecnLByd3JwTiGadoG4nGWi3HYiLXUjkibeFV8dCFeVMUg --mode mockup --no-base-dir-warnings run script michelson_test_scripts/opcodes/add_bls12_381_fr.tz on storage None and input 'Pair 0x00 0x00' --level 1 --trace-stack
storage
  (Some 0x0000000000000000000000000000000000000000000000000000000000000000)
emitted operations
  
big_map diff
  
trace
  - location: 10 (just consumed gas: 6.239)
    [ (Pair (Pair 0x0000000000000000000000000000000000000000000000000000000000000000
                  0x0000000000000000000000000000000000000000000000000000000000000000)
            None) ]
  - location: 10 (just consumed gas: 0.010)
    [ (Pair 0x0000000000000000000000000000000000000000000000000000000000000000
            0x0000000000000000000000000000000000000000000000000000000000000000) ]
  - location: 11 (just consumed gas: 0.010)
    [ 0x0000000000000000000000000000000000000000000000000000000000000000
      0x0000000000000000000000000000000000000000000000000000000000000000 ]
  - location: 12 (just consumed gas: 0.030)
    [ 0x0000000000000000000000000000000000000000000000000000000000000000 ]
  - location: 13 (just consumed gas: 0.010)
    [ (Some 0x0000000000000000000000000000000000000000000000000000000000000000) ]
  - location: 14 (just consumed gas: 0.010)
    [ {}
      (Some 0x0000000000000000000000000000000000000000000000000000000000000000) ]
  - location: 16 (just consumed gas: 0.010)
    [ (Pair {}
            (Some 0x0000000000000000000000000000000000000000000000000000000000000000)) ]

