
./octez-client --protocol PsQuebecnLByd3JwTiGadoG4nGWi3HYiLXUjkibeFV8dCFeVMUg --mode mockup --no-base-dir-warnings run script michelson_test_scripts/opcodes/map_mem_string.tz on storage '(Pair {} None)' and input '"bar"' --level 1 --trace-stack
storage
  (Pair {} (Some False))
emitted operations
  
big_map diff
  
trace
  - location: 12 (just consumed gas: 9.189)
    [ (Pair "bar" {} None) ]
  - location: 12 (just consumed gas: 0.010)
    [ "bar"
      (Pair {} None) ]
  - location: 13 (just consumed gas: 0.010)
    [ (Pair {} None) ]
  - location: 15 (just consumed gas: 0.010)
    [ {} ]
  - location: 16 (just consumed gas: 0.010)
    [ {}
      {} ]
  - location: 13 (just consumed gas: 0.035)
    [ "bar"
      {}
      {} ]
  - location: 17 (just consumed gas: 0.045)
    [ False
      {} ]
  - location: 18 (just consumed gas: 0.010)
    [ (Some False)
      {} ]
  - location: 19 (just consumed gas: 0.010)
    [ {}
      (Some False) ]
  - location: 20 (just consumed gas: 0.010)
    [ (Pair {} (Some False)) ]
  - location: 21 (just consumed gas: 0.010)
    [ {}
      (Pair {} (Some False)) ]
  - location: 23 (just consumed gas: 0.010)
    [ (Pair {} {} (Some False)) ]

