
./octez-client --protocol PsQuebecnLByd3JwTiGadoG4nGWi3HYiLXUjkibeFV8dCFeVMUg --mode mockup --no-base-dir-warnings run script michelson_test_scripts/opcodes/dig_eq.tz on storage Unit and input '(Pair 17 (Pair 16 (Pair 15 (Pair 14 (Pair 13 (Pair 12 (Pair 11 (Pair 10 (Pair 9 (Pair 8 (Pair 7 (Pair 6 (Pair 5 (Pair 4 (Pair 3 (Pair 2 1))))))))))))))))' --level 1 --trace-stack
storage
  Unit
emitted operations
  
big_map diff
  
trace
  - location: 24 (just consumed gas: 158.486)
    [ (Pair (Pair 17 16 15 14 13 12 11 10 9 8 7 6 5 4 3 2 1) Unit) ]
  - location: 24 (just consumed gas: 0.010)
    [ (Pair 17 16 15 14 13 12 11 10 9 8 7 6 5 4 3 2 1) ]
  - location: 25 (just consumed gas: 0.010)
    [ (Pair 17 16 15 14 13 12 11 10 9 8 7 6 5 4 3 2 1)
      (Pair 17 16 15 14 13 12 11 10 9 8 7 6 5 4 3 2 1) ]
  - location: 27 (just consumed gas: 0.010)
    [ 17
      (Pair 16 15 14 13 12 11 10 9 8 7 6 5 4 3 2 1)
      (Pair 17 16 15 14 13 12 11 10 9 8 7 6 5 4 3 2 1) ]
  - location: 28 (just consumed gas: 0.010)
    [ (Pair 16 15 14 13 12 11 10 9 8 7 6 5 4 3 2 1)
      (Pair 17 16 15 14 13 12 11 10 9 8 7 6 5 4 3 2 1) ]
  - location: 30 (just consumed gas: 0.010)
    [ 16
      (Pair 15 14 13 12 11 10 9 8 7 6 5 4 3 2 1)
      (Pair 17 16 15 14 13 12 11 10 9 8 7 6 5 4 3 2 1) ]
  - location: 28 (just consumed gas: 0.035)
    [ 17
      16
      (Pair 15 14 13 12 11 10 9 8 7 6 5 4 3 2 1)
      (Pair 17 16 15 14 13 12 11 10 9 8 7 6 5 4 3 2 1) ]
  - location: 31 (just consumed gas: 0.023)
    [ (Pair 15 14 13 12 11 10 9 8 7 6 5 4 3 2 1)
      (Pair 17 16 15 14 13 12 11 10 9 8 7 6 5 4 3 2 1) ]
  - location: 34 (just consumed gas: 0.010)
    [ 15
      (Pair 14 13 12 11 10 9 8 7 6 5 4 3 2 1)
      (Pair 17 16 15 14 13 12 11 10 9 8 7 6 5 4 3 2 1) ]
  - location: 31 (just consumed gas: 0.045)
    [ 17
      16
      15
      (Pair 14 13 12 11 10 9 8 7 6 5 4 3 2 1)
      (Pair 17 16 15 14 13 12 11 10 9 8 7 6 5 4 3 2 1) ]
  - location: 35 (just consumed gas: 0.027)
    [ (Pair 14 13 12 11 10 9 8 7 6 5 4 3 2 1)
      (Pair 17 16 15 14 13 12 11 10 9 8 7 6 5 4 3 2 1) ]
  - location: 38 (just consumed gas: 0.010)
    [ 14
      (Pair 13 12 11 10 9 8 7 6 5 4 3 2 1)
      (Pair 17 16 15 14 13 12 11 10 9 8 7 6 5 4 3 2 1) ]
  - location: 35 (just consumed gas: 0.055)
    [ 17
      16
      15
      14
      (Pair 13 12 11 10 9 8 7 6 5 4 3 2 1)
      (Pair 17 16 15 14 13 12 11 10 9 8 7 6 5 4 3 2 1) ]
  - location: 39 (just consumed gas: 0.031)
    [ (Pair 13 12 11 10 9 8 7 6 5 4 3 2 1)
      (Pair 17 16 15 14 13 12 11 10 9 8 7 6 5 4 3 2 1) ]
  - location: 42 (just consumed gas: 0.010)
    [ 13
      (Pair 12 11 10 9 8 7 6 5 4 3 2 1)
      (Pair 17 16 15 14 13 12 11 10 9 8 7 6 5 4 3 2 1) ]
  - location: 39 (just consumed gas: 0.065)
    [ 17
      16
      15
      14
      13
      (Pair 12 11 10 9 8 7 6 5 4 3 2 1)
      (Pair 17 16 15 14 13 12 11 10 9 8 7 6 5 4 3 2 1) ]
  - location: 43 (just consumed gas: 0.035)
    [ (Pair 12 11 10 9 8 7 6 5 4 3 2 1)
      (Pair 17 16 15 14 13 12 11 10 9 8 7 6 5 4 3 2 1) ]
  - location: 46 (just consumed gas: 0.010)
    [ 12
      (Pair 11 10 9 8 7 6 5 4 3 2 1)
      (Pair 17 16 15 14 13 12 11 10 9 8 7 6 5 4 3 2 1) ]
  - location: 43 (just consumed gas: 0.075)
    [ 17
      16
      15
      14
      13
      12
      (Pair 11 10 9 8 7 6 5 4 3 2 1)
      (Pair 17 16 15 14 13 12 11 10 9 8 7 6 5 4 3 2 1) ]
  - location: 47 (just consumed gas: 0.039)
    [ (Pair 11 10 9 8 7 6 5 4 3 2 1)
      (Pair 17 16 15 14 13 12 11 10 9 8 7 6 5 4 3 2 1) ]
  - location: 50 (just consumed gas: 0.010)
    [ 11
      (Pair 10 9 8 7 6 5 4 3 2 1)
      (Pair 17 16 15 14 13 12 11 10 9 8 7 6 5 4 3 2 1) ]
  - location: 47 (just consumed gas: 0.085)
    [ 17
      16
      15
      14
      13
      12
      11
      (Pair 10 9 8 7 6 5 4 3 2 1)
      (Pair 17 16 15 14 13 12 11 10 9 8 7 6 5 4 3 2 1) ]
  - location: 51 (just consumed gas: 0.043)
    [ (Pair 10 9 8 7 6 5 4 3 2 1)
      (Pair 17 16 15 14 13 12 11 10 9 8 7 6 5 4 3 2 1) ]
  - location: 54 (just consumed gas: 0.010)
    [ 10
      (Pair 9 8 7 6 5 4 3 2 1)
      (Pair 17 16 15 14 13 12 11 10 9 8 7 6 5 4 3 2 1) ]
  - location: 51 (just consumed gas: 0.095)
    [ 17
      16
      15
      14
      13
      12
      11
      10
      (Pair 9 8 7 6 5 4 3 2 1)
      (Pair 17 16 15 14 13 12 11 10 9 8 7 6 5 4 3 2 1) ]
  - location: 55 (just consumed gas: 0.047)
    [ (Pair 9 8 7 6 5 4 3 2 1)
      (Pair 17 16 15 14 13 12 11 10 9 8 7 6 5 4 3 2 1) ]
  - location: 58 (just consumed gas: 0.010)
    [ 9
      (Pair 8 7 6 5 4 3 2 1)
      (Pair 17 16 15 14 13 12 11 10 9 8 7 6 5 4 3 2 1) ]
  - location: 55 (just consumed gas: 0.105)
    [ 17
      16
      15
      14
      13
      12
      11
      10
      9
      (Pair 8 7 6 5 4 3 2 1)
      (Pair 17 16 15 14 13 12 11 10 9 8 7 6 5 4 3 2 1) ]
  - location: 59 (just consumed gas: 0.051)
    [ (Pair 8 7 6 5 4 3 2 1)
      (Pair 17 16 15 14 13 12 11 10 9 8 7 6 5 4 3 2 1) ]
  - location: 62 (just consumed gas: 0.010)
    [ 8
      (Pair 7 6 5 4 3 2 1)
      (Pair 17 16 15 14 13 12 11 10 9 8 7 6 5 4 3 2 1) ]
  - location: 59 (just consumed gas: 0.115)
    [ 17
      16
      15
      14
      13
      12
      11
      10
      9
      8
      (Pair 7 6 5 4 3 2 1)
      (Pair 17 16 15 14 13 12 11 10 9 8 7 6 5 4 3 2 1) ]
  - location: 63 (just consumed gas: 0.055)
    [ (Pair 7 6 5 4 3 2 1)
      (Pair 17 16 15 14 13 12 11 10 9 8 7 6 5 4 3 2 1) ]
  - location: 66 (just consumed gas: 0.010)
    [ 7
      (Pair 6 5 4 3 2 1)
      (Pair 17 16 15 14 13 12 11 10 9 8 7 6 5 4 3 2 1) ]
  - location: 63 (just consumed gas: 0.125)
    [ 17
      16
      15
      14
      13
      12
      11
      10
      9
      8
      7
      (Pair 6 5 4 3 2 1)
      (Pair 17 16 15 14 13 12 11 10 9 8 7 6 5 4 3 2 1) ]
  - location: 67 (just consumed gas: 0.059)
    [ (Pair 6 5 4 3 2 1)
      (Pair 17 16 15 14 13 12 11 10 9 8 7 6 5 4 3 2 1) ]
  - location: 70 (just consumed gas: 0.010)
    [ 6
      (Pair 5 4 3 2 1)
      (Pair 17 16 15 14 13 12 11 10 9 8 7 6 5 4 3 2 1) ]
  - location: 67 (just consumed gas: 0.135)
    [ 17
      16
      15
      14
      13
      12
      11
      10
      9
      8
      7
      6
      (Pair 5 4 3 2 1)
      (Pair 17 16 15 14 13 12 11 10 9 8 7 6 5 4 3 2 1) ]
  - location: 71 (just consumed gas: 0.063)
    [ (Pair 5 4 3 2 1)
      (Pair 17 16 15 14 13 12 11 10 9 8 7 6 5 4 3 2 1) ]
  - location: 74 (just consumed gas: 0.010)
    [ 5
      (Pair 4 3 2 1)
      (Pair 17 16 15 14 13 12 11 10 9 8 7 6 5 4 3 2 1) ]
  - location: 71 (just consumed gas: 0.145)
    [ 17
      16
      15
      14
      13
      12
      11
      10
      9
      8
      7
      6
      5
      (Pair 4 3 2 1)
      (Pair 17 16 15 14 13 12 11 10 9 8 7 6 5 4 3 2 1) ]
  - location: 75 (just consumed gas: 0.067)
    [ (Pair 4 3 2 1)
      (Pair 17 16 15 14 13 12 11 10 9 8 7 6 5 4 3 2 1) ]
  - location: 78 (just consumed gas: 0.010)
    [ 4
      (Pair 3 2 1)
      (Pair 17 16 15 14 13 12 11 10 9 8 7 6 5 4 3 2 1) ]
  - location: 75 (just consumed gas: 0.155)
    [ 17
      16
      15
      14
      13
      12
      11
      10
      9
      8
      7
      6
      5
      4
      (Pair 3 2 1)
      (Pair 17 16 15 14 13 12 11 10 9 8 7 6 5 4 3 2 1) ]
  - location: 79 (just consumed gas: 0.071)
    [ (Pair 3 2 1)
      (Pair 17 16 15 14 13 12 11 10 9 8 7 6 5 4 3 2 1) ]
  - location: 82 (just consumed gas: 0.010)
    [ 3
      (Pair 2 1)
      (Pair 17 16 15 14 13 12 11 10 9 8 7 6 5 4 3 2 1) ]
  - location: 79 (just consumed gas: 0.165)
    [ 17
      16
      15
      14
      13
      12
      11
      10
      9
      8
      7
      6
      5
      4
      3
      (Pair 2 1)
      (Pair 17 16 15 14 13 12 11 10 9 8 7 6 5 4 3 2 1) ]
  - location: 83 (just consumed gas: 0.075)
    [ (Pair 2 1)
      (Pair 17 16 15 14 13 12 11 10 9 8 7 6 5 4 3 2 1) ]
  - location: 86 (just consumed gas: 0.010)
    [ 2
      1
      (Pair 17 16 15 14 13 12 11 10 9 8 7 6 5 4 3 2 1) ]
  - location: 83 (just consumed gas: 0.175)
    [ 17
      16
      15
      14
      13
      12
      11
      10
      9
      8
      7
      6
      5
      4
      3
      2
      1
      (Pair 17 16 15 14 13 12 11 10 9 8 7 6 5 4 3 2 1) ]
  - location: 87 (just consumed gas: 0.030)
    [ 17
      16
      15
      14
      13
      12
      11
      10
      9
      8
      7
      6
      5
      4
      3
      2
      1
      (Pair 17 16 15 14 13 12 11 10 9 8 7 6 5 4 3 2 1) ]
  - location: 89 (just consumed gas: 0.036)
    [ 16
      17
      15
      14
      13
      12
      11
      10
      9
      8
      7
      6
      5
      4
      3
      2
      1
      (Pair 17 16 15 14 13 12 11 10 9 8 7 6 5 4 3 2 1) ]
  - location: 91 (just consumed gas: 0.043)
    [ 15
      16
      17
      14
      13
      12
      11
      10
      9
      8
      7
      6
      5
      4
      3
      2
      1
      (Pair 17 16 15 14 13 12 11 10 9 8 7 6 5 4 3 2 1) ]
  - location: 93 (just consumed gas: 0.049)
    [ 14
      15
      16
      17
      13
      12
      11
      10
      9
      8
      7
      6
      5
      4
      3
      2
      1
      (Pair 17 16 15 14 13 12 11 10 9 8 7 6 5 4 3 2 1) ]
  - location: 95 (just consumed gas: 0.057)
    [ 13
      14
      15
      16
      17
      12
      11
      10
      9
      8
      7
      6
      5
      4
      3
      2
      1
      (Pair 17 16 15 14 13 12 11 10 9 8 7 6 5 4 3 2 1) ]
  - location: 97 (just consumed gas: 0.063)
    [ 12
      13
      14
      15
      16
      17
      11
      10
      9
      8
      7
      6
      5
      4
      3
      2
      1
      (Pair 17 16 15 14 13 12 11 10 9 8 7 6 5 4 3 2 1) ]
  - location: 99 (just consumed gas: 0.070)
    [ 11
      12
      13
      14
      15
      16
      17
      10
      9
      8
      7
      6
      5
      4
      3
      2
      1
      (Pair 17 16 15 14 13 12 11 10 9 8 7 6 5 4 3 2 1) ]
  - location: 101 (just consumed gas: 0.076)
    [ 10
      11
      12
      13
      14
      15
      16
      17
      9
      8
      7
      6
      5
      4
      3
      2
      1
      (Pair 17 16 15 14 13 12 11 10 9 8 7 6 5 4 3 2 1) ]
  - location: 103 (just consumed gas: 0.084)
    [ 9
      10
      11
      12
      13
      14
      15
      16
      17
      8
      7
      6
      5
      4
      3
      2
      1
      (Pair 17 16 15 14 13 12 11 10 9 8 7 6 5 4 3 2 1) ]
  - location: 105 (just consumed gas: 0.090)
    [ 8
      9
      10
      11
      12
      13
      14
      15
      16
      17
      7
      6
      5
      4
      3
      2
      1
      (Pair 17 16 15 14 13 12 11 10 9 8 7 6 5 4 3 2 1) ]
  - location: 107 (just consumed gas: 0.097)
    [ 7
      8
      9
      10
      11
      12
      13
      14
      15
      16
      17
      6
      5
      4
      3
      2
      1
      (Pair 17 16 15 14 13 12 11 10 9 8 7 6 5 4 3 2 1) ]
  - location: 109 (just consumed gas: 0.103)
    [ 6
      7
      8
      9
      10
      11
      12
      13
      14
      15
      16
      17
      5
      4
      3
      2
      1
      (Pair 17 16 15 14 13 12 11 10 9 8 7 6 5 4 3 2 1) ]
  - location: 111 (just consumed gas: 0.111)
    [ 5
      6
      7
      8
      9
      10
      11
      12
      13
      14
      15
      16
      17
      4
      3
      2
      1
      (Pair 17 16 15 14 13 12 11 10 9 8 7 6 5 4 3 2 1) ]
  - location: 113 (just consumed gas: 0.117)
    [ 4
      5
      6
      7
      8
      9
      10
      11
      12
      13
      14
      15
      16
      17
      3
      2
      1
      (Pair 17 16 15 14 13 12 11 10 9 8 7 6 5 4 3 2 1) ]
  - location: 115 (just consumed gas: 0.124)
    [ 3
      4
      5
      6
      7
      8
      9
      10
      11
      12
      13
      14
      15
      16
      17
      2
      1
      (Pair 17 16 15 14 13 12 11 10 9 8 7 6 5 4 3 2 1) ]
  - location: 117 (just consumed gas: 0.130)
    [ 2
      3
      4
      5
      6
      7
      8
      9
      10
      11
      12
      13
      14
      15
      16
      17
      1
      (Pair 17 16 15 14 13 12 11 10 9 8 7 6 5 4 3 2 1) ]
  - location: 119 (just consumed gas: 0.138)
    [ 1
      2
      3
      4
      5
      6
      7
      8
      9
      10
      11
      12
      13
      14
      15
      16
      17
      (Pair 17 16 15 14 13 12 11 10 9 8 7 6 5 4 3 2 1) ]
  - location: 121 (just consumed gas: 0.030)
    [ 1
      2
      3
      4
      5
      6
      7
      8
      9
      10
      11
      12
      13
      14
      15
      16
      17
      (Pair 17 16 15 14 13 12 11 10 9 8 7 6 5 4 3 2 1) ]
  - location: 123 (just consumed gas: 0.036)
    [ 2
      1
      3
      4
      5
      6
      7
      8
      9
      10
      11
      12
      13
      14
      15
      16
      17
      (Pair 17 16 15 14 13 12 11 10 9 8 7 6 5 4 3 2 1) ]
  - location: 125 (just consumed gas: 0.043)
    [ 3
      2
      1
      4
      5
      6
      7
      8
      9
      10
      11
      12
      13
      14
      15
      16
      17
      (Pair 17 16 15 14 13 12 11 10 9 8 7 6 5 4 3 2 1) ]
  - location: 127 (just consumed gas: 0.049)
    [ 4
      3
      2
      1
      5
      6
      7
      8
      9
      10
      11
      12
      13
      14
      15
      16
      17
      (Pair 17 16 15 14 13 12 11 10 9 8 7 6 5 4 3 2 1) ]
  - location: 129 (just consumed gas: 0.057)
    [ 5
      4
      3
      2
      1
      6
      7
      8
      9
      10
      11
      12
      13
      14
      15
      16
      17
      (Pair 17 16 15 14 13 12 11 10 9 8 7 6 5 4 3 2 1) ]
  - location: 131 (just consumed gas: 0.063)
    [ 6
      5
      4
      3
      2
      1
      7
      8
      9
      10
      11
      12
      13
      14
      15
      16
      17
      (Pair 17 16 15 14 13 12 11 10 9 8 7 6 5 4 3 2 1) ]
  - location: 133 (just consumed gas: 0.070)
    [ 7
      6
      5
      4
      3
      2
      1
      8
      9
      10
      11
      12
      13
      14
      15
      16
      17
      (Pair 17 16 15 14 13 12 11 10 9 8 7 6 5 4 3 2 1) ]
  - location: 135 (just consumed gas: 0.076)
    [ 8
      7
      6
      5
      4
      3
      2
      1
      9
      10
      11
      12
      13
      14
      15
      16
      17
      (Pair 17 16 15 14 13 12 11 10 9 8 7 6 5 4 3 2 1) ]
  - location: 137 (just consumed gas: 0.084)
    [ 9
      8
      7
      6
      5
      4
      3
      2
      1
      10
      11
      12
      13
      14
      15
      16
      17
      (Pair 17 16 15 14 13 12 11 10 9 8 7 6 5 4 3 2 1) ]
  - location: 139 (just consumed gas: 0.090)
    [ 10
      9
      8
      7
      6
      5
      4
      3
      2
      1
      11
      12
      13
      14
      15
      16
      17
      (Pair 17 16 15 14 13 12 11 10 9 8 7 6 5 4 3 2 1) ]
  - location: 141 (just consumed gas: 0.097)
    [ 11
      10
      9
      8
      7
      6
      5
      4
      3
      2
      1
      12
      13
      14
      15
      16
      17
      (Pair 17 16 15 14 13 12 11 10 9 8 7 6 5 4 3 2 1) ]
  - location: 143 (just consumed gas: 0.103)
    [ 12
      11
      10
      9
      8
      7
      6
      5
      4
      3
      2
      1
      13
      14
      15
      16
      17
      (Pair 17 16 15 14 13 12 11 10 9 8 7 6 5 4 3 2 1) ]
  - location: 145 (just consumed gas: 0.111)
    [ 13
      12
      11
      10
      9
      8
      7
      6
      5
      4
      3
      2
      1
      14
      15
      16
      17
      (Pair 17 16 15 14 13 12 11 10 9 8 7 6 5 4 3 2 1) ]
  - location: 147 (just consumed gas: 0.117)
    [ 14
      13
      12
      11
      10
      9
      8
      7
      6
      5
      4
      3
      2
      1
      15
      16
      17
      (Pair 17 16 15 14 13 12 11 10 9 8 7 6 5 4 3 2 1) ]
  - location: 149 (just consumed gas: 0.124)
    [ 15
      14
      13
      12
      11
      10
      9
      8
      7
      6
      5
      4
      3
      2
      1
      16
      17
      (Pair 17 16 15 14 13 12 11 10 9 8 7 6 5 4 3 2 1) ]
  - location: 151 (just consumed gas: 0.130)
    [ 16
      15
      14
      13
      12
      11
      10
      9
      8
      7
      6
      5
      4
      3
      2
      1
      17
      (Pair 17 16 15 14 13 12 11 10 9 8 7 6 5 4 3 2 1) ]
  - location: 153 (just consumed gas: 0.138)
    [ 17
      16
      15
      14
      13
      12
      11
      10
      9
      8
      7
      6
      5
      4
      3
      2
      1
      (Pair 17 16 15 14 13 12 11 10 9 8 7 6 5 4 3 2 1) ]
  - location: 156 (just consumed gas: 0.075)
    [ 2
      1
      (Pair 17 16 15 14 13 12 11 10 9 8 7 6 5 4 3 2 1) ]
  - location: 159 (just consumed gas: 0.010)
    [ (Pair 2 1)
      (Pair 17 16 15 14 13 12 11 10 9 8 7 6 5 4 3 2 1) ]
  - location: 156 (just consumed gas: 0.175)
    [ 17
      16
      15
      14
      13
      12
      11
      10
      9
      8
      7
      6
      5
      4
      3
      (Pair 2 1)
      (Pair 17 16 15 14 13 12 11 10 9 8 7 6 5 4 3 2 1) ]
  - location: 160 (just consumed gas: 0.071)
    [ 3
      (Pair 2 1)
      (Pair 17 16 15 14 13 12 11 10 9 8 7 6 5 4 3 2 1) ]
  - location: 163 (just consumed gas: 0.010)
    [ (Pair 3 2 1)
      (Pair 17 16 15 14 13 12 11 10 9 8 7 6 5 4 3 2 1) ]
  - location: 160 (just consumed gas: 0.165)
    [ 17
      16
      15
      14
      13
      12
      11
      10
      9
      8
      7
      6
      5
      4
      (Pair 3 2 1)
      (Pair 17 16 15 14 13 12 11 10 9 8 7 6 5 4 3 2 1) ]
  - location: 164 (just consumed gas: 0.067)
    [ 4
      (Pair 3 2 1)
      (Pair 17 16 15 14 13 12 11 10 9 8 7 6 5 4 3 2 1) ]
  - location: 167 (just consumed gas: 0.010)
    [ (Pair 4 3 2 1)
      (Pair 17 16 15 14 13 12 11 10 9 8 7 6 5 4 3 2 1) ]
  - location: 164 (just consumed gas: 0.155)
    [ 17
      16
      15
      14
      13
      12
      11
      10
      9
      8
      7
      6
      5
      (Pair 4 3 2 1)
      (Pair 17 16 15 14 13 12 11 10 9 8 7 6 5 4 3 2 1) ]
  - location: 168 (just consumed gas: 0.063)
    [ 5
      (Pair 4 3 2 1)
      (Pair 17 16 15 14 13 12 11 10 9 8 7 6 5 4 3 2 1) ]
  - location: 171 (just consumed gas: 0.010)
    [ (Pair 5 4 3 2 1)
      (Pair 17 16 15 14 13 12 11 10 9 8 7 6 5 4 3 2 1) ]
  - location: 168 (just consumed gas: 0.145)
    [ 17
      16
      15
      14
      13
      12
      11
      10
      9
      8
      7
      6
      (Pair 5 4 3 2 1)
      (Pair 17 16 15 14 13 12 11 10 9 8 7 6 5 4 3 2 1) ]
  - location: 172 (just consumed gas: 0.059)
    [ 6
      (Pair 5 4 3 2 1)
      (Pair 17 16 15 14 13 12 11 10 9 8 7 6 5 4 3 2 1) ]
  - location: 175 (just consumed gas: 0.010)
    [ (Pair 6 5 4 3 2 1)
      (Pair 17 16 15 14 13 12 11 10 9 8 7 6 5 4 3 2 1) ]
  - location: 172 (just consumed gas: 0.135)
    [ 17
      16
      15
      14
      13
      12
      11
      10
      9
      8
      7
      (Pair 6 5 4 3 2 1)
      (Pair 17 16 15 14 13 12 11 10 9 8 7 6 5 4 3 2 1) ]
  - location: 176 (just consumed gas: 0.055)
    [ 7
      (Pair 6 5 4 3 2 1)
      (Pair 17 16 15 14 13 12 11 10 9 8 7 6 5 4 3 2 1) ]
  - location: 179 (just consumed gas: 0.010)
    [ (Pair 7 6 5 4 3 2 1)
      (Pair 17 16 15 14 13 12 11 10 9 8 7 6 5 4 3 2 1) ]
  - location: 176 (just consumed gas: 0.125)
    [ 17
      16
      15
      14
      13
      12
      11
      10
      9
      8
      (Pair 7 6 5 4 3 2 1)
      (Pair 17 16 15 14 13 12 11 10 9 8 7 6 5 4 3 2 1) ]
  - location: 180 (just consumed gas: 0.051)
    [ 8
      (Pair 7 6 5 4 3 2 1)
      (Pair 17 16 15 14 13 12 11 10 9 8 7 6 5 4 3 2 1) ]
  - location: 183 (just consumed gas: 0.010)
    [ (Pair 8 7 6 5 4 3 2 1)
      (Pair 17 16 15 14 13 12 11 10 9 8 7 6 5 4 3 2 1) ]
  - location: 180 (just consumed gas: 0.115)
    [ 17
      16
      15
      14
      13
      12
      11
      10
      9
      (Pair 8 7 6 5 4 3 2 1)
      (Pair 17 16 15 14 13 12 11 10 9 8 7 6 5 4 3 2 1) ]
  - location: 184 (just consumed gas: 0.047)
    [ 9
      (Pair 8 7 6 5 4 3 2 1)
      (Pair 17 16 15 14 13 12 11 10 9 8 7 6 5 4 3 2 1) ]
  - location: 187 (just consumed gas: 0.010)
    [ (Pair 9 8 7 6 5 4 3 2 1)
      (Pair 17 16 15 14 13 12 11 10 9 8 7 6 5 4 3 2 1) ]
  - location: 184 (just consumed gas: 0.105)
    [ 17
      16
      15
      14
      13
      12
      11
      10
      (Pair 9 8 7 6 5 4 3 2 1)
      (Pair 17 16 15 14 13 12 11 10 9 8 7 6 5 4 3 2 1) ]
  - location: 188 (just consumed gas: 0.043)
    [ 10
      (Pair 9 8 7 6 5 4 3 2 1)
      (Pair 17 16 15 14 13 12 11 10 9 8 7 6 5 4 3 2 1) ]
  - location: 191 (just consumed gas: 0.010)
    [ (Pair 10 9 8 7 6 5 4 3 2 1)
      (Pair 17 16 15 14 13 12 11 10 9 8 7 6 5 4 3 2 1) ]
  - location: 188 (just consumed gas: 0.095)
    [ 17
      16
      15
      14
      13
      12
      11
      (Pair 10 9 8 7 6 5 4 3 2 1)
      (Pair 17 16 15 14 13 12 11 10 9 8 7 6 5 4 3 2 1) ]
  - location: 192 (just consumed gas: 0.039)
    [ 11
      (Pair 10 9 8 7 6 5 4 3 2 1)
      (Pair 17 16 15 14 13 12 11 10 9 8 7 6 5 4 3 2 1) ]
  - location: 195 (just consumed gas: 0.010)
    [ (Pair 11 10 9 8 7 6 5 4 3 2 1)
      (Pair 17 16 15 14 13 12 11 10 9 8 7 6 5 4 3 2 1) ]
  - location: 192 (just consumed gas: 0.085)
    [ 17
      16
      15
      14
      13
      12
      (Pair 11 10 9 8 7 6 5 4 3 2 1)
      (Pair 17 16 15 14 13 12 11 10 9 8 7 6 5 4 3 2 1) ]
  - location: 196 (just consumed gas: 0.035)
    [ 12
      (Pair 11 10 9 8 7 6 5 4 3 2 1)
      (Pair 17 16 15 14 13 12 11 10 9 8 7 6 5 4 3 2 1) ]
  - location: 199 (just consumed gas: 0.010)
    [ (Pair 12 11 10 9 8 7 6 5 4 3 2 1)
      (Pair 17 16 15 14 13 12 11 10 9 8 7 6 5 4 3 2 1) ]
  - location: 196 (just consumed gas: 0.075)
    [ 17
      16
      15
      14
      13
      (Pair 12 11 10 9 8 7 6 5 4 3 2 1)
      (Pair 17 16 15 14 13 12 11 10 9 8 7 6 5 4 3 2 1) ]
  - location: 200 (just consumed gas: 0.031)
    [ 13
      (Pair 12 11 10 9 8 7 6 5 4 3 2 1)
      (Pair 17 16 15 14 13 12 11 10 9 8 7 6 5 4 3 2 1) ]
  - location: 203 (just consumed gas: 0.010)
    [ (Pair 13 12 11 10 9 8 7 6 5 4 3 2 1)
      (Pair 17 16 15 14 13 12 11 10 9 8 7 6 5 4 3 2 1) ]
  - location: 200 (just consumed gas: 0.065)
    [ 17
      16
      15
      14
      (Pair 13 12 11 10 9 8 7 6 5 4 3 2 1)
      (Pair 17 16 15 14 13 12 11 10 9 8 7 6 5 4 3 2 1) ]
  - location: 204 (just consumed gas: 0.027)
    [ 14
      (Pair 13 12 11 10 9 8 7 6 5 4 3 2 1)
      (Pair 17 16 15 14 13 12 11 10 9 8 7 6 5 4 3 2 1) ]
  - location: 207 (just consumed gas: 0.010)
    [ (Pair 14 13 12 11 10 9 8 7 6 5 4 3 2 1)
      (Pair 17 16 15 14 13 12 11 10 9 8 7 6 5 4 3 2 1) ]
  - location: 204 (just consumed gas: 0.055)
    [ 17
      16
      15
      (Pair 14 13 12 11 10 9 8 7 6 5 4 3 2 1)
      (Pair 17 16 15 14 13 12 11 10 9 8 7 6 5 4 3 2 1) ]
  - location: 208 (just consumed gas: 0.023)
    [ 15
      (Pair 14 13 12 11 10 9 8 7 6 5 4 3 2 1)
      (Pair 17 16 15 14 13 12 11 10 9 8 7 6 5 4 3 2 1) ]
  - location: 211 (just consumed gas: 0.010)
    [ (Pair 15 14 13 12 11 10 9 8 7 6 5 4 3 2 1)
      (Pair 17 16 15 14 13 12 11 10 9 8 7 6 5 4 3 2 1) ]
  - location: 208 (just consumed gas: 0.045)
    [ 17
      16
      (Pair 15 14 13 12 11 10 9 8 7 6 5 4 3 2 1)
      (Pair 17 16 15 14 13 12 11 10 9 8 7 6 5 4 3 2 1) ]
  - location: 212 (just consumed gas: 0.010)
    [ 16
      (Pair 15 14 13 12 11 10 9 8 7 6 5 4 3 2 1)
      (Pair 17 16 15 14 13 12 11 10 9 8 7 6 5 4 3 2 1) ]
  - location: 214 (just consumed gas: 0.010)
    [ (Pair 16 15 14 13 12 11 10 9 8 7 6 5 4 3 2 1)
      (Pair 17 16 15 14 13 12 11 10 9 8 7 6 5 4 3 2 1) ]
  - location: 212 (just consumed gas: 0.035)
    [ 17
      (Pair 16 15 14 13 12 11 10 9 8 7 6 5 4 3 2 1)
      (Pair 17 16 15 14 13 12 11 10 9 8 7 6 5 4 3 2 1) ]
  - location: 215 (just consumed gas: 0.010)
    [ (Pair 17 16 15 14 13 12 11 10 9 8 7 6 5 4 3 2 1)
      (Pair 17 16 15 14 13 12 11 10 9 8 7 6 5 4 3 2 1) ]
  - location: 218 (just consumed gas: 0.755)
    [ 0 ]
  - location: 219 (just consumed gas: 0.010)
    [ True ]
  - location: 220 (just consumed gas: 0.010)
    [  ]
  - location: 220 (just consumed gas: 0.025)
    [  ]
  - location: 226 (just consumed gas: 0.010)
    [ Unit ]
  - location: 227 (just consumed gas: 0.010)
    [ {}
      Unit ]
  - location: 229 (just consumed gas: 0.010)
    [ (Pair {} Unit) ]

