
./octez-client --protocol PsQuebecnLByd3JwTiGadoG4nGWi3HYiLXUjkibeFV8dCFeVMUg --mode mockup --no-base-dir-warnings run script michelson_test_scripts/opcodes/xor.tz on storage None and input 'Right (Pair 42 21)' --level 1 --trace-stack
storage
  (Some (Right 63))
emitted operations
  
big_map diff
  
trace
  - location: 16 (just consumed gas: 10.744)
    [ (Pair (Right (Pair 42 21)) None) ]
  - location: 16 (just consumed gas: 0.010)
    [ (Right (Pair 42 21)) ]
  - location: 17 (just consumed gas: 0.010)
    [ (Pair 42 21) ]
  - location: 24 (just consumed gas: 0.010)
    [ 42
      21 ]
  - location: 25 (just consumed gas: 0.035)
    [ 63 ]
  - location: 26 (just consumed gas: 0.010)
    [ (Right 63) ]
  - location: 17 (just consumed gas: 0.025)
    [ (Right 63) ]
  - location: 28 (just consumed gas: 0.010)
    [ (Some (Right 63)) ]
  - location: 29 (just consumed gas: 0.010)
    [ {}
      (Some (Right 63)) ]
  - location: 31 (just consumed gas: 0.010)
    [ (Pair {} (Some (Right 63))) ]

