
./octez-client --protocol PsQuebecnLByd3JwTiGadoG4nGWi3HYiLXUjkibeFV8dCFeVMUg --mode mockup --no-base-dir-warnings run script michelson_test_scripts/opcodes/big_map_mem_nat.tz on storage '(Pair {} None)' and input 1 --level 1 --trace-stack
storage
  (Pair 4 (Some False))
emitted operations
  
big_map diff
  New map(4) of type (big_map nat nat)
trace
  - location: 12 (just consumed gas: 9.644)
    [ (Pair 1 {} None) ]
  - location: 12 (just consumed gas: 0.010)
    [ 1
      (Pair {} None) ]
  - location: 13 (just consumed gas: 0.010)
    [ (Pair {} None) ]
  - location: 15 (just consumed gas: 0.010)
    [ {} ]
  - location: 16 (just consumed gas: 0.010)
    [ {}
      {} ]
  - location: 13 (just consumed gas: 0.035)
    [ 1
      {}
      {} ]
  - location: 17 (just consumed gas: 0.722)
    [ False
      {} ]
  - location: 18 (just consumed gas: 0.010)
    [ (Some False)
      {} ]
  - location: 19 (just consumed gas: 0.010)
    [ {}
      (Some False) ]
  - location: 20 (just consumed gas: 0.010)
    [ (Pair {} (Some False)) ]
  - location: 21 (just consumed gas: 0.010)
    [ {}
      (Pair {} (Some False)) ]
  - location: 23 (just consumed gas: 0.010)
    [ (Pair {} {} (Some False)) ]

