
./octez-client --protocol PsQuebecnLByd3JwTiGadoG4nGWi3HYiLXUjkibeFV8dCFeVMUg --mode mockup --no-base-dir-warnings run script michelson_test_scripts/opcodes/comb.tz on storage '(Pair 0 0 0)' and input Unit --level 1 --trace-stack
storage
  (Pair 1 2 3)
emitted operations
  
big_map diff
  
trace
  - location: 10 (just consumed gas: 7.970)
    [ (Pair Unit 0 0 0) ]
  - location: 10 (just consumed gas: 0.010)
    [  ]
  - location: 11 (just consumed gas: 0.010)
    [ 3 ]
  - location: 14 (just consumed gas: 0.010)
    [ 2
      3 ]
  - location: 17 (just consumed gas: 0.010)
    [ 1
      2
      3 ]
  - location: 20 (just consumed gas: 0.010)
    [ {}
      1
      2
      3 ]
  - location: 22 (just consumed gas: 0.046)
    [ (Pair {} 1 2 3) ]

