
./octez-client --protocol PsQuebecnLByd3JwTiGadoG4nGWi3HYiLXUjkibeFV8dCFeVMUg --mode mockup --no-base-dir-warnings run script michelson_test_scripts/opcodes/list_map_block.tz on storage '{0}' and input '{ 1 ; 2 ; 3 ; 0 }' --level 1 --trace-stack
storage
  { 1 ; 3 ; 5 ; 3 }
emitted operations
  
big_map diff
  
trace
  - location: 9 (just consumed gas: 12.211)
    [ (Pair { 1 ; 2 ; 3 ; 0 } { 0 }) ]
  - location: 9 (just consumed gas: 0.010)
    [ { 1 ; 2 ; 3 ; 0 } ]
  - location: 10 (just consumed gas: 0.010)
    [ 0
      { 1 ; 2 ; 3 ; 0 } ]
  - location: 13 (just consumed gas: 0.010)
    [ { 1 ; 2 ; 3 ; 0 }
      0 ]
  - location: 14 (just consumed gas: 0.050)
    [ 1
      0 ]
  - location: 16 (just consumed gas: 0.010)
    [ 0 ]
  - location: 18 (just consumed gas: 0.010)
    [ 0
      0 ]
  - location: 16 (just consumed gas: 0.035)
    [ 1
      0
      0 ]
  - location: 19 (just consumed gas: 0.035)
    [ 1
      0 ]
  - location: 20 (just consumed gas: 0.010)
    [ 0 ]
  - location: 22 (just consumed gas: 0.010)
    [ 1
      0 ]
  - location: 25 (just consumed gas: 0.035)
    [ 1 ]
  - location: 20 (just consumed gas: 0.035)
    [ 1
      1 ]
  - location: 14 (just consumed gas: 0.055)
    [ 2
      1 ]
  - location: 16 (just consumed gas: 0.010)
    [ 1 ]
  - location: 18 (just consumed gas: 0.010)
    [ 1
      1 ]
  - location: 16 (just consumed gas: 0.035)
    [ 2
      1
      1 ]
  - location: 19 (just consumed gas: 0.035)
    [ 3
      1 ]
  - location: 20 (just consumed gas: 0.010)
    [ 1 ]
  - location: 22 (just consumed gas: 0.010)
    [ 1
      1 ]
  - location: 25 (just consumed gas: 0.035)
    [ 2 ]
  - location: 20 (just consumed gas: 0.035)
    [ 3
      2 ]
  - location: 14 (just consumed gas: 0.055)
    [ 3
      2 ]
  - location: 16 (just consumed gas: 0.010)
    [ 2 ]
  - location: 18 (just consumed gas: 0.010)
    [ 2
      2 ]
  - location: 16 (just consumed gas: 0.035)
    [ 3
      2
      2 ]
  - location: 19 (just consumed gas: 0.035)
    [ 5
      2 ]
  - location: 20 (just consumed gas: 0.010)
    [ 2 ]
  - location: 22 (just consumed gas: 0.010)
    [ 1
      2 ]
  - location: 25 (just consumed gas: 0.035)
    [ 3 ]
  - location: 20 (just consumed gas: 0.035)
    [ 5
      3 ]
  - location: 14 (just consumed gas: 0.055)
    [ 0
      3 ]
  - location: 16 (just consumed gas: 0.010)
    [ 3 ]
  - location: 18 (just consumed gas: 0.010)
    [ 3
      3 ]
  - location: 16 (just consumed gas: 0.035)
    [ 0
      3
      3 ]
  - location: 19 (just consumed gas: 0.035)
    [ 3
      3 ]
  - location: 20 (just consumed gas: 0.010)
    [ 3 ]
  - location: 22 (just consumed gas: 0.010)
    [ 1
      3 ]
  - location: 25 (just consumed gas: 0.035)
    [ 4 ]
  - location: 20 (just consumed gas: 0.035)
    [ 3
      4 ]
  - location: 14 (just consumed gas: 0.072)
    [ { 1 ; 3 ; 5 ; 3 }
      4 ]
  - location: 26 (just consumed gas: 0.010)
    [ {}
      { 1 ; 3 ; 5 ; 3 }
      4 ]
  - location: 28 (just consumed gas: 0.010)
    [ (Pair {} { 1 ; 3 ; 5 ; 3 })
      4 ]
  - location: 29 (just consumed gas: 0.010)
    [ 4 ]
  - location: 31 (just consumed gas: 0.010)
    [  ]
  - location: 29 (just consumed gas: 0.035)
    [ (Pair {} { 1 ; 3 ; 5 ; 3 }) ]

