
./octez-client --protocol PsQuebecnLByd3JwTiGadoG4nGWi3HYiLXUjkibeFV8dCFeVMUg --mode mockup --no-base-dir-warnings run script michelson_test_scripts/opcodes/slice.tz on storage 'Some "Foo"' and input 'Pair 0 2' --level 1 --trace-stack
storage
  (Some "Fo")
emitted operations
  
big_map diff
  
trace
  - location: 10 (just consumed gas: 9.166)
    [ (Pair (Pair 0 2) (Some "Foo")) ]
  - location: 10 (just consumed gas: 0.010)
    [ (Pair 0 2)
      (Some "Foo") ]
  - location: 11 (just consumed gas: 0.010)
    [ (Some "Foo")
      (Pair 0 2) ]
  - location: 13 (just consumed gas: 0.010)
    [ "Foo"
      (Pair 0 2) ]
  - location: 19 (just consumed gas: 0.010)
    [ (Pair 0 2)
      "Foo" ]
  - location: 20 (just consumed gas: 0.010)
    [ 0
      2
      "Foo" ]
  - location: 21 (just consumed gas: 0.026)
    [ (Some "Fo") ]
  - location: 13 (just consumed gas: 0.025)
    [ (Some "Fo") ]
  - location: 22 (just consumed gas: 0.010)
    [ {}
      (Some "Fo") ]
  - location: 24 (just consumed gas: 0.010)
    [ (Pair {} (Some "Fo")) ]

