
./octez-client --protocol PsRiotumaAMotcRoDWW1bysEhQy2n1M5fy8JgRp8jjRfHGmfeA7 --mode mockup --no-base-dir-warnings run script michelson_test_scripts/opcodes/shifts.tz on storage None and input '(Left (Pair 15 2))' --level 1 --trace-stack
storage
  (Some 60)
emitted operations
  
big_map diff
  
trace
  - location: 14 (just consumed gas: 8.673)
    [ (Pair (Left (Pair 15 2)) None) ]
  - location: 14 (just consumed gas: 0.010)
    [ (Left (Pair 15 2)) ]
  - location: 15 (just consumed gas: 0.010)
    [ (Pair 15 2) ]
  - location: 17 (just consumed gas: 0.010)
    [ 15
      2 ]
  - location: 18 (just consumed gas: 0.128)
    [ 60 ]
  - location: 15 (just consumed gas: 0.025)
    [ 60 ]
  - location: 22 (just consumed gas: 0.010)
    [ (Some 60) ]
  - location: 23 (just consumed gas: 0.010)
    [ {}
      (Some 60) ]
  - location: 25 (just consumed gas: 0.010)
    [ (Pair {} (Some 60)) ]

