
./octez-client --protocol PsRiotumaAMotcRoDWW1bysEhQy2n1M5fy8JgRp8jjRfHGmfeA7 --mode mockup --no-base-dir-warnings run script michelson_test_scripts/opcodes/shifts.tz on storage None and input '(Left (Pair 0 0))' --level 1 --trace-stack
storage
  (Some 0)
emitted operations
  
big_map diff
  
trace
  - location: 14 (just consumed gas: 8.673)
    [ (Pair (Left (Pair 0 0)) None) ]
  - location: 14 (just consumed gas: 0.010)
    [ (Left (Pair 0 0)) ]
  - location: 15 (just consumed gas: 0.010)
    [ (Pair 0 0) ]
  - location: 17 (just consumed gas: 0.010)
    [ 0
      0 ]
  - location: 18 (just consumed gas: 0.128)
    [ 0 ]
  - location: 15 (just consumed gas: 0.025)
    [ 0 ]
  - location: 22 (just consumed gas: 0.010)
    [ (Some 0) ]
  - location: 23 (just consumed gas: 0.010)
    [ {}
      (Some 0) ]
  - location: 25 (just consumed gas: 0.010)
    [ (Pair {} (Some 0)) ]

