
./octez-client --protocol PsRiotumaAMotcRoDWW1bysEhQy2n1M5fy8JgRp8jjRfHGmfeA7 --mode mockup --no-base-dir-warnings run script michelson_test_scripts/opcodes/shifts.tz on storage None and input '(Left (Pair 8 1))' --level 1 --trace-stack
storage
  (Some 16)
emitted operations
  
big_map diff
  
trace
  - location: 14 (just consumed gas: 8.673)
    [ (Pair (Left (Pair 8 1)) None) ]
  - location: 14 (just consumed gas: 0.010)
    [ (Left (Pair 8 1)) ]
  - location: 15 (just consumed gas: 0.010)
    [ (Pair 8 1) ]
  - location: 17 (just consumed gas: 0.010)
    [ 8
      1 ]
  - location: 18 (just consumed gas: 0.128)
    [ 16 ]
  - location: 15 (just consumed gas: 0.025)
    [ 16 ]
  - location: 22 (just consumed gas: 0.010)
    [ (Some 16) ]
  - location: 23 (just consumed gas: 0.010)
    [ {}
      (Some 16) ]
  - location: 25 (just consumed gas: 0.010)
    [ (Pair {} (Some 16)) ]

