
./octez-client rpc get /chains/main/blocks/head/metadata
{ "protocol": "PsQuebecnLByd3JwTiGadoG4nGWi3HYiLXUjkibeFV8dCFeVMUg",
  "next_protocol": "PsQuebecnLByd3JwTiGadoG4nGWi3HYiLXUjkibeFV8dCFeVMUg",
  "test_chain_status": { "status": "not_running" }, "max_operations_ttl": 2,
  "max_operation_data_length": 32768, "max_block_header_length": 289,
  "max_operation_list_length":
    [ { "max_size": 4194304, "max_op": 2048 }, { "max_size": 32768 },
      { "max_size": 135168, "max_op": 132 }, { "max_size": 524288 } ],
  "proposer": "[PUBLIC_KEY_HASH]",
  "baker": "[PUBLIC_KEY_HASH]",
  "level_info":
    { "level": 2, "level_position": 1, "cycle": 0, "cycle_position": 1,
      "expected_commitment": false },
  "voting_period_info":
    { "voting_period":
        { "index": 0, "kind": "proposal", "start_position": 0 },
      "position": 1, "remaining": 153598 }, "nonce_hash": null,
  "deactivated": [],
  "balance_updates":
    [ { "kind": "minted", "category": "bootstrap",
        "change": "-20000000000000", "origin": "migration" },
      { "kind": "freezer", "category": "deposits",
        "staker":
          { "baker_own_stake": "[PUBLIC_KEY_HASH]" },
        "change": "400000000000", "origin": "migration" },
      { "kind": "freezer", "category": "deposits",
        "staker":
          { "baker_own_stake": "[PUBLIC_KEY_HASH]" },
        "change": "400000000000", "origin": "migration" },
      { "kind": "freezer", "category": "deposits",
        "staker":
          { "baker_own_stake": "[PUBLIC_KEY_HASH]" },
        "change": "400000000000", "origin": "migration" },
      { "kind": "freezer", "category": "deposits",
        "staker":
          { "baker_own_stake": "[PUBLIC_KEY_HASH]" },
        "change": "400000000000", "origin": "migration" },
      { "kind": "freezer", "category": "deposits",
        "staker":
          { "baker_own_stake": "[PUBLIC_KEY_HASH]" },
        "change": "400000000000", "origin": "migration" },
      { "kind": "contract",
        "contract": "[PUBLIC_KEY_HASH]",
        "change": "3600000000000", "origin": "migration" },
      { "kind": "contract",
        "contract": "[PUBLIC_KEY_HASH]",
        "change": "3600000000000", "origin": "migration" },
      { "kind": "contract",
        "contract": "[PUBLIC_KEY_HASH]",
        "change": "3600000000000", "origin": "migration" },
      { "kind": "contract",
        "contract": "[PUBLIC_KEY_HASH]",
        "change": "3600000000000", "origin": "migration" },
      { "kind": "contract",
        "contract": "[PUBLIC_KEY_HASH]",
        "change": "3600000000000", "origin": "migration" },
      { "kind": "minted", "category": "baking rewards", "change": "-266667",
        "origin": "block" },
      { "kind": "freezer", "category": "deposits",
        "staker":
          { "baker_own_stake": "[PUBLIC_KEY_HASH]" },
        "change": "266667", "origin": "block" },
      { "kind": "minted", "category": "baking rewards", "change": "-2399999",
        "origin": "block" },
      { "kind": "contract",
        "contract": "[PUBLIC_KEY_HASH]",
        "change": "2399999", "origin": "block" } ],
  "liquidity_baking_toggle_ema": 0, "adaptive_issuance_vote_ema": 0,
  "adaptive_issuance_activation_cycle": 5,
  "implicit_operations_results":
    [ { "kind": "origination",
        "balance_updates":
          [ { "kind": "minted", "category": "subsidy", "change": "-64250",
              "origin": "migration" },
            { "kind": "burned", "category": "storage fees",
              "change": "64250", "origin": "migration" },
            { "kind": "minted", "category": "subsidy", "change": "-1157000",
              "origin": "migration" },
            { "kind": "burned", "category": "storage fees",
              "change": "1157000", "origin": "migration" },
            { "kind": "minted", "category": "subsidy", "change": "-100",
              "origin": "migration" },
            { "kind": "contract",
              "contract": "[CONTRACT_HASH]",
              "change": "100", "origin": "migration" } ],
        "originated_contracts": [ "[CONTRACT_HASH]" ],
        "storage_size": "4628", "paid_storage_size_diff": "4628" },
      { "kind": "origination",
        "balance_updates":
          [ { "kind": "minted", "category": "subsidy", "change": "-64250",
              "origin": "migration" },
            { "kind": "burned", "category": "storage fees",
              "change": "64250", "origin": "migration" },
            { "kind": "minted", "category": "subsidy", "change": "-494500",
              "origin": "migration" },
            { "kind": "burned", "category": "storage fees",
              "change": "494500", "origin": "migration" } ],
        "originated_contracts": [ "[CONTRACT_HASH]" ],
        "storage_size": "1978", "paid_storage_size_diff": "1978" },
      { "kind": "origination",
        "balance_updates":
          [ { "kind": "minted", "category": "subsidy", "change": "-64250",
              "origin": "migration" },
            { "kind": "burned", "category": "storage fees",
              "change": "64250", "origin": "migration" },
            { "kind": "minted", "category": "subsidy", "change": "-477750",
              "origin": "migration" },
            { "kind": "burned", "category": "storage fees",
              "change": "477750", "origin": "migration" },
            { "kind": "minted", "category": "subsidy", "change": "-1000000",
              "origin": "migration" },
            { "kind": "contract",
              "contract": "[CONTRACT_HASH]",
              "change": "1000000", "origin": "migration" } ],
        "originated_contracts": [ "[CONTRACT_HASH]" ],
        "storage_size": "1911", "paid_storage_size_diff": "1911" },
      { "kind": "transaction",
        "storage":
          [ { "int": "1" }, { "int": "666766" }, { "int": "100" },
            { "bytes": "01e927f00ef734dfc85919635e9afc9166c83ef9fc00" },
            { "bytes": "0115eb0104481a6d7921160bc982c5e0a561cd8a3a00" } ],
        "balance_updates":
          [ { "kind": "minted", "category": "subsidy", "change": "-666666",
              "origin": "subsidy" },
            { "kind": "contract",
              "contract": "[CONTRACT_HASH]",
              "change": "666666", "origin": "subsidy" } ],
        "consumed_milligas": "2261927", "storage_size": "4629",
        "paid_storage_size_diff": "1" } ],
  "proposer_consensus_key": "[PUBLIC_KEY_HASH]",
  "baker_consensus_key": "[PUBLIC_KEY_HASH]",
  "consumed_milligas": "0", "dal_attestation": "0" }
