
./octez-client --wait none transfer 0 from bootstrap1 to '[CONTRACT_HASH]' --burn-cap 1 --entrypoint store --arg 'Pair 99 {Pair "garbage" (Ticket "[CONTRACT_HASH]" string "Ticket1" 1) ; Pair "garbage" (Ticket "[CONTRACT_HASH]" string "Ticket2" 2)}'
Node is bootstrapped.
Estimated gas: 4002.105 units (will add 100 for safety)
Estimated storage: 222 bytes added (will add 20 for safety)
Operation successfully injected in the node.
Operation hash is '[OPERATION_HASH]'
NOT waiting for the operation to be included.
Use command
  octez-client wait for [OPERATION_HASH] to be included --confirmations 1 --branch [BLOCK_HASH]
and/or an external block explorer to make sure that it has been included.
This sequence of operations was run:
  Manager signed operations:
    From: [PUBLIC_KEY_HASH]
    Fee to the baker: ꜩ0.000843
    Expected counter: 4
    Gas limit: 4103
    Storage limit: 242 bytes
    Balance updates:
      [PUBLIC_KEY_HASH] ... -ꜩ0.000843
      payload fees(the block proposer) ....... +ꜩ0.000843
    Transaction:
      Amount: ꜩ0
      From: [PUBLIC_KEY_HASH]
      To: [CONTRACT_HASH]
      Entrypoint: store
      Parameter: (Pair 99
                       { Pair "garbage" (Ticket "[CONTRACT_HASH]" string "Ticket1" 1) ;
                         Pair "garbage" (Ticket "[CONTRACT_HASH]" string "Ticket2" 2) })
      This transaction was successfully applied
      Updated storage:
        { Pair 0x01b9ce1609aab1100170d2ea4f94e3407244090b1000 (Pair "Ticket2" 2) ;
          Pair 0x01b9ce1609aab1100170d2ea4f94e3407244090b1000 (Pair "Ticket1" 1) }
      Storage size: 287 bytes
      Paid storage size diff: 222 bytes
      Consumed gas: 4002.072
      Balance updates:
        [PUBLIC_KEY_HASH] ... -ꜩ0.0555
        storage fees ........................... +ꜩ0.0555
      Ticket updates:
        Ticketer: [CONTRACT_HASH]
        Content type: string
        Content: "Ticket1"
        Account updates:
          [PUBLIC_KEY_HASH] ... -1
        Ticketer: [CONTRACT_HASH]
        Content type: string
        Content: "Ticket2"
        Account updates:
          [PUBLIC_KEY_HASH] ... -2
        Ticketer: [CONTRACT_HASH]
        Content type: string
        Content: "Ticket2"
        Account updates:
          [CONTRACT_HASH] ... +2
        Ticketer: [CONTRACT_HASH]
        Content type: string
        Content: "Ticket1"
        Account updates:
          [CONTRACT_HASH] ... +1

