
./octez-client --mode mockup --wait none originate contract compare_big_type2 transferring 0 from bootstrap1 running michelson_test_scripts/opcodes/compare_big_type2.tz --burn-cap 10 --force
Node is bootstrapped.
Estimated gas: 1635.852 units (will add 100 for safety)
Estimated storage: 393 bytes added (will add 20 for safety)
Operation successfully injected in the node.
Operation hash is '[OPERATION_HASH]'
NOT waiting for the operation to be included.
Use command
  octez-client wait for [OPERATION_HASH] to be included --confirmations 1 --branch [BLOCK_HASH]
and/or an external block explorer to make sure that it has been included.
This sequence of operations was run:
  Manager signed operations:
    From: [PUBLIC_KEY_HASH]
    Fee to the baker: ꜩ0.000537
    Expected counter: 1
    Gas limit: 1736
    Storage limit: 413 bytes
    Balance updates:
      [PUBLIC_KEY_HASH] ... -ꜩ0.000537
      payload fees(the block proposer) ....... +ꜩ0.000537
    Origination:
      From: [PUBLIC_KEY_HASH]
      Credit: ꜩ0
      Script:
        { parameter unit ;
          storage unit ;
          code { DROP ;
                 PUSH nat 0 ;
                 DUP ;
                 PAIR ;
                 DUP ;
                 PAIR ;
                 DUP ;
                 PAIR ;
                 DUP ;
                 PAIR ;
                 DUP ;
                 PAIR ;
                 DUP ;
                 PAIR ;
                 DUP ;
                 PAIR ;
                 DUP ;
                 PAIR ;
                 DUP ;
                 DUP ;
                 COMPARE ;
                 DROP ;
                 DUP ;
                 DUP ;
                 COMPARE ;
                 DROP ;
                 DUP ;
                 DUP ;
                 COMPARE ;
                 DROP ;
                 DUP ;
                 DUP ;
                 COMPARE ;
                 DROP ;
                 DUP ;
                 DUP ;
                 COMPARE ;
                 DROP ;
                 DUP ;
                 DUP ;
                 COMPARE ;
                 DROP ;
                 DUP ;
                 DUP ;
                 COMPARE ;
                 DROP ;
                 DROP ;
                 UNIT ;
                 NIL operation ;
                 PAIR } }
        Initial storage: Unit
        No delegate for this contract
        This origination was successfully applied
        Originated contracts:
          [CONTRACT_HASH]
        Storage size: 136 bytes
        Paid storage size diff: 136 bytes
        Consumed gas: 1635.818
        Balance updates:
          [PUBLIC_KEY_HASH] ... -ꜩ0.034
          storage fees ........................... +ꜩ0.034
          [PUBLIC_KEY_HASH] ... -ꜩ0.06425
          storage fees ........................... +ꜩ0.06425

New contract [CONTRACT_HASH] originated.
Contract memorized as compare_big_type2.
