
./octez-client --mode mockup --wait none originate contract originate_contract transferring 200 from bootstrap1 running michelson_test_scripts/mini_scenarios/originate_contract.tz --init Unit --burn-cap 1
Node is bootstrapped.
Estimated gas: 599.311 units (will add 100 for safety)
Estimated storage: 350 bytes added (will add 20 for safety)
Operation successfully injected in the node.
Operation hash is '[OPERATION_HASH]'
NOT waiting for the operation to be included.
Use command
  octez-client wait for [OPERATION_HASH] to be included --confirmations 1 --branch [BLOCK_HASH]
and/or an external block explorer to make sure that it has been included.
This sequence of operations was run:
  Manager signed operations:
    From: [PUBLIC_KEY_HASH]
    Fee to the baker: ꜩ0.000393
    Expected counter: 1
    Gas limit: 700
    Storage limit: 370 bytes
    Balance updates:
      [PUBLIC_KEY_HASH] ... -ꜩ0.000393
      payload fees(the block proposer) ....... +ꜩ0.000393
    Origination:
      From: [PUBLIC_KEY_HASH]
      Credit: ꜩ200
      Script:
        { parameter unit ;
          storage unit ;
          code { DROP ;
                 UNIT ;
                 AMOUNT ;
                 NONE key_hash ;
                 CREATE_CONTRACT
                   { parameter unit ; storage unit ; code { CDR ; NIL operation ; PAIR } } ;
                 DIP { DROP ; PUSH unit Unit ; NIL operation } ;
                 CONS ;
                 PAIR } }
        Initial storage: Unit
        No delegate for this contract
        This origination was successfully applied
        Originated contracts:
          [CONTRACT_HASH]
        Storage size: 93 bytes
        Paid storage size diff: 93 bytes
        Consumed gas: 599.277
        Balance updates:
          [PUBLIC_KEY_HASH] ... -ꜩ0.02325
          storage fees ........................... +ꜩ0.02325
          [PUBLIC_KEY_HASH] ... -ꜩ0.06425
          storage fees ........................... +ꜩ0.06425
          [PUBLIC_KEY_HASH] ... -ꜩ200
          [CONTRACT_HASH] ... +ꜩ200

New contract [CONTRACT_HASH] originated.
Contract memorized as originate_contract.

./octez-client --mode mockup --wait none transfer 1 from bootstrap2 to '[CONTRACT_HASH]' --burn-cap 2 --arg Unit
Node is bootstrapped.
Estimated gas: 1793.731 units (will add 100 for safety)
Estimated storage: 295 bytes added (will add 20 for safety)
Operation successfully injected in the node.
Operation hash is '[OPERATION_HASH]'
NOT waiting for the operation to be included.
Use command
  octez-client wait for [OPERATION_HASH] to be included --confirmations 1 --branch [BLOCK_HASH]
and/or an external block explorer to make sure that it has been included.
This sequence of operations was run:
  Manager signed operations:
    From: [PUBLIC_KEY_HASH]
    Fee to the baker: ꜩ0.000441
    Expected counter: 1
    Gas limit: 1894
    Storage limit: 315 bytes
    Balance updates:
      [PUBLIC_KEY_HASH] ... -ꜩ0.000441
      payload fees(the block proposer) ....... +ꜩ0.000441
    Transaction:
      Amount: ꜩ1
      From: [PUBLIC_KEY_HASH]
      To: [CONTRACT_HASH]
      This transaction was successfully applied
      Updated storage: Unit
      Storage size: 93 bytes
      Consumed gas: 1289.005
      Balance updates:
        [PUBLIC_KEY_HASH] ... -ꜩ1
        [CONTRACT_HASH] ... +ꜩ1
      Internal operations:
        Internal Origination:
          From: [CONTRACT_HASH]
          Credit: ꜩ1
          Script:
            { parameter unit ; storage unit ; code { CDR ; NIL operation ; PAIR } }
            Initial storage: Unit
          No delegate for this contract
          This origination was successfully applied
          Originated contracts:
            [CONTRACT_HASH]
          Storage size: 38 bytes
          Paid storage size diff: 38 bytes
          Consumed gas: 505.294
          Balance updates:
            [PUBLIC_KEY_HASH] ... -ꜩ0.0095
            storage fees ........................... +ꜩ0.0095
            [PUBLIC_KEY_HASH] ... -ꜩ0.06425
            storage fees ........................... +ꜩ0.06425
            [CONTRACT_HASH] ... -ꜩ1
            [CONTRACT_HASH] ... +ꜩ1

New contract [CONTRACT_HASH] originated.
