{ parameter string ;
  storage (map address (option string)) ;
  code { UNPAIR @message @guestbook ;
         SWAP ;
         DUP ;
         SENDER ;
         GET @previous_message ;
         { IF_NONE { { UNIT ; FAILWITH } } {} } ;
         { IF_NONE {} { { UNIT ; FAILWITH } } } ;
         SWAP ;
         SOME ;
         SOME ;
         SENDER ;
         UPDATE ;
         NIL operation ;
         PAIR } }

