{ parameter (pair int int) ;
  storage unit ;
  code { CAR ;
         DUP ;
         CAR ;
         DIP { CDR } ;
         COMPARE ;
         { LE ; IF {} { { UNIT ; FAILWITH } } } ;
         UNIT ;
         NIL operation ;
         PAIR } }

