
./octez-client --mode mockup run script michelson_test_scripts/opcodes/pairing_check.tz on storage None and input '{Pair 0x19d8a1f79d761f07f5849ed60c4d8372c271ebc3b8731e888b4fd3babc15d716e64f3df671f6e9f2a1726ab29431afbf0f1de63aadf3dcc954fd5b58bda50fa8f80655aae55eb1423a97aef6e16cd7d320871359764581e6abfa735aeeda45b6 0x1988b3f37c78bf39ad0000125cdd9de7b5b774b5221d137b9dbe24b7b69f0970feab7aa52e59087b0a427de9bb6deee2190a9857b2ed4c6dcd7e5c18af6a5170ed1d6046cac81c58a6d2ade394b829ff9b8e02580c975307fa744d0747c6e68208975d9efe381be5cd300b76b887d93dba7a1f144f2c7d9714d8a0e4749519a7d4d403d12e88a4aa83859d1025b3b68c152e565a57caea54be81e13f77b4ad73b88d3e5ebe7dd227d6f3c4aa678895b73f15b30407e13732ac60c74b81de9b6e; Pair 0x10463b3743defc3aee6d6596906938450a429285990ef50b41df63889c42bdc5f1c830cd403506db9df9f1254d3f2b1f1043260bd4122e695546b10d07b5e517c0d0e8f5f0c0de13683a4ca42f6001aaae072fb3d529a8792966f2e0d5e45301 0x13e02b6052719f607dacd3a088274f65596bd0d09920b61ab5da61bbdc7f5049334cf11213945d57e5ac7d055d042b7e024aa2b2f08f0a91260805272dc51051c6e47ad4fa403b02b4510b647ae3d1770bac0326a805bbefd48056c8c121bdb80606c4a02ea734cc32acd2b02bc28b99cb3e287e85a763af267492ab572e99ab3f370d275cec1da1aaa9075ff05f79be0ce5d527727d6e118cc9cdc6da2e351aadfd9baa8cbdd3a76d429a695160d12c923ac9cc3baca289e193548608b82801}'
storage
  (Some True)
emitted operations
  
big_map diff
  


./octez-client --mode mockup run script michelson_test_scripts/opcodes/pairing_check.tz on storage None and input '{Pair 0x1273992fd0773410fcadbb55a6914c32c2314d03b4cd0b3da699e0c7b74bab001b4311fdd1bb58630b43b80be3974ca90282f633318822c082c93580febfd5421acd7ce3b0b38fe148c114a0c42ffd6faafb8ab0cff43d6471fc6ff222be6373 0x00ff54c7a2f6b5af235a704dafb1c2e166bdf67c2c6a4e54a9af84349b8676bcb0b1cc1f56f621af67921bbb82fa9806155d6024e64f6d5163ece546259169d2b054acfddfa45a8502b66ecf8582f11b23472b793a84e86599887de4f42cf8360c63251d615a4e7efee27db36d118b5761fe754c3ed3f5439ec6ec3f620378ff15d659ab0f563246cfd023b665daa3f80825788dd115e716fda26f9d55297d720b7bed0f935b254a9e99e0d3d0856421bf0ac3b1ff2bce61f0cdafa0139a7465; Pair 0x0e652b8a10100237ef90db2efe6e3aba6023659ef22d170f55871436fda45a613199fad02bff8a3dfbe00f5c4b7efe590f9287f0ef8c1458a3863459886cccd53cbb4dcb0e724891f667b30835018c8de3bc049a02105a0a55d36808a0e4b5c7 0x0a4edef9c1ed7f729f520e47730a124fd70662a904ba1074728114d1031e1572c6c886f6b57ec72a6178288c47c335771638533957d540a9d2370f17cc7ed5863bc0b995b8825e0ee1ea1e1e4d00dbae81f14b0bf3611b78c952aacab827a0530f6d4552fa65dd2638b361543f887136a43253d9c66c411697003f7a13c308f5422e1aa0a59c8967acdefd8b6e36ccf30468fb440d82b0630aeb8dca2b5256789a66da69bf91009cbfe6bd221e47aa8ae88dece9764bf3bd999d95d71e4c9899}'
storage
  (Some True)
emitted operations
  
big_map diff
  


./octez-client --mode mockup run script michelson_test_scripts/opcodes/pairing_check.tz on storage None and input '{Pair 0x19d8a1f79d761f07f5849ed60c4d8372c271ebc3b8731e888b4fd3babc15d716e64f3df671f6e9f2a1726ab29431afbf0f1de63aadf3dcc954fd5b58bda50fa8f80655aae55eb1423a97aef6e16cd7d320871359764581e6abfa735aeeda45b6 0x1988b3f37c78bf39ad0000125cdd9de7b5b774b5221d137b9dbe24b7b69f0970feab7aa52e59087b0a427de9bb6deee2190a9857b2ed4c6dcd7e5c18af6a5170ed1d6046cac81c58a6d2ade394b829ff9b8e02580c975307fa744d0747c6e68208975d9efe381be5cd300b76b887d93dba7a1f144f2c7d9714d8a0e4749519a7d4d403d12e88a4aa83859d1025b3b68c152e565a57caea54be81e13f77b4ad73b88d3e5ebe7dd227d6f3c4aa678895b73f15b30407e13732ac60c74b81de9b6e; Pair 0x10463b3743defc3aee6d6596906938450a429285990ef50b41df63889c42bdc5f1c830cd403506db9df9f1254d3f2b1f1043260bd4122e695546b10d07b5e517c0d0e8f5f0c0de13683a4ca42f6001aaae072fb3d529a8792966f2e0d5e45301 0x13e02b6052719f607dacd3a088274f65596bd0d09920b61ab5da61bbdc7f5049334cf11213945d57e5ac7d055d042b7e024aa2b2f08f0a91260805272dc51051c6e47ad4fa403b02b4510b647ae3d1770bac0326a805bbefd48056c8c121bdb80606c4a02ea734cc32acd2b02bc28b99cb3e287e85a763af267492ab572e99ab3f370d275cec1da1aaa9075ff05f79be0ce5d527727d6e118cc9cdc6da2e351aadfd9baa8cbdd3a76d429a695160d12c923ac9cc3baca289e193548608b82801}'
storage
  (Some True)
emitted operations
  
big_map diff
  


./octez-client --mode mockup run script michelson_test_scripts/opcodes/pairing_check.tz on storage None and input '{Pair 0x1273992fd0773410fcadbb55a6914c32c2314d03b4cd0b3da699e0c7b74bab001b4311fdd1bb58630b43b80be3974ca90282f633318822c082c93580febfd5421acd7ce3b0b38fe148c114a0c42ffd6faafb8ab0cff43d6471fc6ff222be6373 0x00ff54c7a2f6b5af235a704dafb1c2e166bdf67c2c6a4e54a9af84349b8676bcb0b1cc1f56f621af67921bbb82fa9806155d6024e64f6d5163ece546259169d2b054acfddfa45a8502b66ecf8582f11b23472b793a84e86599887de4f42cf8360c63251d615a4e7efee27db36d118b5761fe754c3ed3f5439ec6ec3f620378ff15d659ab0f563246cfd023b665daa3f80825788dd115e716fda26f9d55297d720b7bed0f935b254a9e99e0d3d0856421bf0ac3b1ff2bce61f0cdafa0139a7465; Pair 0x0e652b8a10100237ef90db2efe6e3aba6023659ef22d170f55871436fda45a613199fad02bff8a3dfbe00f5c4b7efe590f9287f0ef8c1458a3863459886cccd53cbb4dcb0e724891f667b30835018c8de3bc049a02105a0a55d36808a0e4b5c7 0x0a4edef9c1ed7f729f520e47730a124fd70662a904ba1074728114d1031e1572c6c886f6b57ec72a6178288c47c335771638533957d540a9d2370f17cc7ed5863bc0b995b8825e0ee1ea1e1e4d00dbae81f14b0bf3611b78c952aacab827a0530f6d4552fa65dd2638b361543f887136a43253d9c66c411697003f7a13c308f5422e1aa0a59c8967acdefd8b6e36ccf30468fb440d82b0630aeb8dca2b5256789a66da69bf91009cbfe6bd221e47aa8ae88dece9764bf3bd999d95d71e4c9899}'
storage
  (Some True)
emitted operations
  
big_map diff
  


./octez-client --mode mockup run script michelson_test_scripts/opcodes/pairing_check.tz on storage None and input '{Pair 0x19d8a1f79d761f07f5849ed60c4d8372c271ebc3b8731e888b4fd3babc15d716e64f3df671f6e9f2a1726ab29431afbf0f1de63aadf3dcc954fd5b58bda50fa8f80655aae55eb1423a97aef6e16cd7d320871359764581e6abfa735aeeda45b6 0x1988b3f37c78bf39ad0000125cdd9de7b5b774b5221d137b9dbe24b7b69f0970feab7aa52e59087b0a427de9bb6deee2190a9857b2ed4c6dcd7e5c18af6a5170ed1d6046cac81c58a6d2ade394b829ff9b8e02580c975307fa744d0747c6e68208975d9efe381be5cd300b76b887d93dba7a1f144f2c7d9714d8a0e4749519a7d4d403d12e88a4aa83859d1025b3b68c152e565a57caea54be81e13f77b4ad73b88d3e5ebe7dd227d6f3c4aa678895b73f15b30407e13732ac60c74b81de9b6e; Pair 0x10463b3743defc3aee6d6596906938450a429285990ef50b41df63889c42bdc5f1c830cd403506db9df9f1254d3f2b1f1043260bd4122e695546b10d07b5e517c0d0e8f5f0c0de13683a4ca42f6001aaae072fb3d529a8792966f2e0d5e45301 0x13e02b6052719f607dacd3a088274f65596bd0d09920b61ab5da61bbdc7f5049334cf11213945d57e5ac7d055d042b7e024aa2b2f08f0a91260805272dc51051c6e47ad4fa403b02b4510b647ae3d1770bac0326a805bbefd48056c8c121bdb80606c4a02ea734cc32acd2b02bc28b99cb3e287e85a763af267492ab572e99ab3f370d275cec1da1aaa9075ff05f79be0ce5d527727d6e118cc9cdc6da2e351aadfd9baa8cbdd3a76d429a695160d12c923ac9cc3baca289e193548608b82801}'
storage
  (Some True)
emitted operations
  
big_map diff
  


./octez-client --mode mockup run script michelson_test_scripts/opcodes/pairing_check.tz on storage None and input '{Pair 0x1273992fd0773410fcadbb55a6914c32c2314d03b4cd0b3da699e0c7b74bab001b4311fdd1bb58630b43b80be3974ca90282f633318822c082c93580febfd5421acd7ce3b0b38fe148c114a0c42ffd6faafb8ab0cff43d6471fc6ff222be6373 0x00ff54c7a2f6b5af235a704dafb1c2e166bdf67c2c6a4e54a9af84349b8676bcb0b1cc1f56f621af67921bbb82fa9806155d6024e64f6d5163ece546259169d2b054acfddfa45a8502b66ecf8582f11b23472b793a84e86599887de4f42cf8360c63251d615a4e7efee27db36d118b5761fe754c3ed3f5439ec6ec3f620378ff15d659ab0f563246cfd023b665daa3f80825788dd115e716fda26f9d55297d720b7bed0f935b254a9e99e0d3d0856421bf0ac3b1ff2bce61f0cdafa0139a7465; Pair 0x0e652b8a10100237ef90db2efe6e3aba6023659ef22d170f55871436fda45a613199fad02bff8a3dfbe00f5c4b7efe590f9287f0ef8c1458a3863459886cccd53cbb4dcb0e724891f667b30835018c8de3bc049a02105a0a55d36808a0e4b5c7 0x0a4edef9c1ed7f729f520e47730a124fd70662a904ba1074728114d1031e1572c6c886f6b57ec72a6178288c47c335771638533957d540a9d2370f17cc7ed5863bc0b995b8825e0ee1ea1e1e4d00dbae81f14b0bf3611b78c952aacab827a0530f6d4552fa65dd2638b361543f887136a43253d9c66c411697003f7a13c308f5422e1aa0a59c8967acdefd8b6e36ccf30468fb440d82b0630aeb8dca2b5256789a66da69bf91009cbfe6bd221e47aa8ae88dece9764bf3bd999d95d71e4c9899}'
storage
  (Some True)
emitted operations
  
big_map diff
  


./octez-client --mode mockup run script michelson_test_scripts/opcodes/pairing_check.tz on storage None and input '{Pair 0x19d8a1f79d761f07f5849ed60c4d8372c271ebc3b8731e888b4fd3babc15d716e64f3df671f6e9f2a1726ab29431afbf0f1de63aadf3dcc954fd5b58bda50fa8f80655aae55eb1423a97aef6e16cd7d320871359764581e6abfa735aeeda45b6 0x1988b3f37c78bf39ad0000125cdd9de7b5b774b5221d137b9dbe24b7b69f0970feab7aa52e59087b0a427de9bb6deee2190a9857b2ed4c6dcd7e5c18af6a5170ed1d6046cac81c58a6d2ade394b829ff9b8e02580c975307fa744d0747c6e68208975d9efe381be5cd300b76b887d93dba7a1f144f2c7d9714d8a0e4749519a7d4d403d12e88a4aa83859d1025b3b68c152e565a57caea54be81e13f77b4ad73b88d3e5ebe7dd227d6f3c4aa678895b73f15b30407e13732ac60c74b81de9b6e; Pair 0x10463b3743defc3aee6d6596906938450a429285990ef50b41df63889c42bdc5f1c830cd403506db9df9f1254d3f2b1f1043260bd4122e695546b10d07b5e517c0d0e8f5f0c0de13683a4ca42f6001aaae072fb3d529a8792966f2e0d5e45301 0x13e02b6052719f607dacd3a088274f65596bd0d09920b61ab5da61bbdc7f5049334cf11213945d57e5ac7d055d042b7e024aa2b2f08f0a91260805272dc51051c6e47ad4fa403b02b4510b647ae3d1770bac0326a805bbefd48056c8c121bdb80606c4a02ea734cc32acd2b02bc28b99cb3e287e85a763af267492ab572e99ab3f370d275cec1da1aaa9075ff05f79be0ce5d527727d6e118cc9cdc6da2e351aadfd9baa8cbdd3a76d429a695160d12c923ac9cc3baca289e193548608b82801}'
storage
  (Some True)
emitted operations
  
big_map diff
  


./octez-client --mode mockup run script michelson_test_scripts/opcodes/pairing_check.tz on storage None and input '{Pair 0x1273992fd0773410fcadbb55a6914c32c2314d03b4cd0b3da699e0c7b74bab001b4311fdd1bb58630b43b80be3974ca90282f633318822c082c93580febfd5421acd7ce3b0b38fe148c114a0c42ffd6faafb8ab0cff43d6471fc6ff222be6373 0x00ff54c7a2f6b5af235a704dafb1c2e166bdf67c2c6a4e54a9af84349b8676bcb0b1cc1f56f621af67921bbb82fa9806155d6024e64f6d5163ece546259169d2b054acfddfa45a8502b66ecf8582f11b23472b793a84e86599887de4f42cf8360c63251d615a4e7efee27db36d118b5761fe754c3ed3f5439ec6ec3f620378ff15d659ab0f563246cfd023b665daa3f80825788dd115e716fda26f9d55297d720b7bed0f935b254a9e99e0d3d0856421bf0ac3b1ff2bce61f0cdafa0139a7465; Pair 0x0e652b8a10100237ef90db2efe6e3aba6023659ef22d170f55871436fda45a613199fad02bff8a3dfbe00f5c4b7efe590f9287f0ef8c1458a3863459886cccd53cbb4dcb0e724891f667b30835018c8de3bc049a02105a0a55d36808a0e4b5c7 0x0a4edef9c1ed7f729f520e47730a124fd70662a904ba1074728114d1031e1572c6c886f6b57ec72a6178288c47c335771638533957d540a9d2370f17cc7ed5863bc0b995b8825e0ee1ea1e1e4d00dbae81f14b0bf3611b78c952aacab827a0530f6d4552fa65dd2638b361543f887136a43253d9c66c411697003f7a13c308f5422e1aa0a59c8967acdefd8b6e36ccf30468fb440d82b0630aeb8dca2b5256789a66da69bf91009cbfe6bd221e47aa8ae88dece9764bf3bd999d95d71e4c9899}'
storage
  (Some True)
emitted operations
  
big_map diff
  


./octez-client --mode mockup run script michelson_test_scripts/opcodes/pairing_check.tz on storage None and input '{Pair 0x19d8a1f79d761f07f5849ed60c4d8372c271ebc3b8731e888b4fd3babc15d716e64f3df671f6e9f2a1726ab29431afbf0f1de63aadf3dcc954fd5b58bda50fa8f80655aae55eb1423a97aef6e16cd7d320871359764581e6abfa735aeeda45b6 0x1988b3f37c78bf39ad0000125cdd9de7b5b774b5221d137b9dbe24b7b69f0970feab7aa52e59087b0a427de9bb6deee2190a9857b2ed4c6dcd7e5c18af6a5170ed1d6046cac81c58a6d2ade394b829ff9b8e02580c975307fa744d0747c6e68208975d9efe381be5cd300b76b887d93dba7a1f144f2c7d9714d8a0e4749519a7d4d403d12e88a4aa83859d1025b3b68c152e565a57caea54be81e13f77b4ad73b88d3e5ebe7dd227d6f3c4aa678895b73f15b30407e13732ac60c74b81de9b6e; Pair 0x10463b3743defc3aee6d6596906938450a429285990ef50b41df63889c42bdc5f1c830cd403506db9df9f1254d3f2b1f1043260bd4122e695546b10d07b5e517c0d0e8f5f0c0de13683a4ca42f6001aaae072fb3d529a8792966f2e0d5e45301 0x13e02b6052719f607dacd3a088274f65596bd0d09920b61ab5da61bbdc7f5049334cf11213945d57e5ac7d055d042b7e024aa2b2f08f0a91260805272dc51051c6e47ad4fa403b02b4510b647ae3d1770bac0326a805bbefd48056c8c121bdb80606c4a02ea734cc32acd2b02bc28b99cb3e287e85a763af267492ab572e99ab3f370d275cec1da1aaa9075ff05f79be0ce5d527727d6e118cc9cdc6da2e351aadfd9baa8cbdd3a76d429a695160d12c923ac9cc3baca289e193548608b82801}'
storage
  (Some True)
emitted operations
  
big_map diff
  


./octez-client --mode mockup run script michelson_test_scripts/opcodes/pairing_check.tz on storage None and input '{Pair 0x1273992fd0773410fcadbb55a6914c32c2314d03b4cd0b3da699e0c7b74bab001b4311fdd1bb58630b43b80be3974ca90282f633318822c082c93580febfd5421acd7ce3b0b38fe148c114a0c42ffd6faafb8ab0cff43d6471fc6ff222be6373 0x00ff54c7a2f6b5af235a704dafb1c2e166bdf67c2c6a4e54a9af84349b8676bcb0b1cc1f56f621af67921bbb82fa9806155d6024e64f6d5163ece546259169d2b054acfddfa45a8502b66ecf8582f11b23472b793a84e86599887de4f42cf8360c63251d615a4e7efee27db36d118b5761fe754c3ed3f5439ec6ec3f620378ff15d659ab0f563246cfd023b665daa3f80825788dd115e716fda26f9d55297d720b7bed0f935b254a9e99e0d3d0856421bf0ac3b1ff2bce61f0cdafa0139a7465; Pair 0x0e652b8a10100237ef90db2efe6e3aba6023659ef22d170f55871436fda45a613199fad02bff8a3dfbe00f5c4b7efe590f9287f0ef8c1458a3863459886cccd53cbb4dcb0e724891f667b30835018c8de3bc049a02105a0a55d36808a0e4b5c7 0x0a4edef9c1ed7f729f520e47730a124fd70662a904ba1074728114d1031e1572c6c886f6b57ec72a6178288c47c335771638533957d540a9d2370f17cc7ed5863bc0b995b8825e0ee1ea1e1e4d00dbae81f14b0bf3611b78c952aacab827a0530f6d4552fa65dd2638b361543f887136a43253d9c66c411697003f7a13c308f5422e1aa0a59c8967acdefd8b6e36ccf30468fb440d82b0630aeb8dca2b5256789a66da69bf91009cbfe6bd221e47aa8ae88dece9764bf3bd999d95d71e4c9899}'
storage
  (Some True)
emitted operations
  
big_map diff
  


./octez-client --mode mockup run script michelson_test_scripts/opcodes/pairing_check.tz on storage None and input '{Pair 0x19d8a1f79d761f07f5849ed60c4d8372c271ebc3b8731e888b4fd3babc15d716e64f3df671f6e9f2a1726ab29431afbf0f1de63aadf3dcc954fd5b58bda50fa8f80655aae55eb1423a97aef6e16cd7d320871359764581e6abfa735aeeda45b6 0x1988b3f37c78bf39ad0000125cdd9de7b5b774b5221d137b9dbe24b7b69f0970feab7aa52e59087b0a427de9bb6deee2190a9857b2ed4c6dcd7e5c18af6a5170ed1d6046cac81c58a6d2ade394b829ff9b8e02580c975307fa744d0747c6e68208975d9efe381be5cd300b76b887d93dba7a1f144f2c7d9714d8a0e4749519a7d4d403d12e88a4aa83859d1025b3b68c152e565a57caea54be81e13f77b4ad73b88d3e5ebe7dd227d6f3c4aa678895b73f15b30407e13732ac60c74b81de9b6e; Pair 0x10463b3743defc3aee6d6596906938450a429285990ef50b41df63889c42bdc5f1c830cd403506db9df9f1254d3f2b1f1043260bd4122e695546b10d07b5e517c0d0e8f5f0c0de13683a4ca42f6001aaae072fb3d529a8792966f2e0d5e45301 0x13e02b6052719f607dacd3a088274f65596bd0d09920b61ab5da61bbdc7f5049334cf11213945d57e5ac7d055d042b7e024aa2b2f08f0a91260805272dc51051c6e47ad4fa403b02b4510b647ae3d1770bac0326a805bbefd48056c8c121bdb80606c4a02ea734cc32acd2b02bc28b99cb3e287e85a763af267492ab572e99ab3f370d275cec1da1aaa9075ff05f79be0ce5d527727d6e118cc9cdc6da2e351aadfd9baa8cbdd3a76d429a695160d12c923ac9cc3baca289e193548608b82801}'
storage
  (Some True)
emitted operations
  
big_map diff
  


./octez-client --mode mockup run script michelson_test_scripts/opcodes/pairing_check.tz on storage None and input '{Pair 0x1273992fd0773410fcadbb55a6914c32c2314d03b4cd0b3da699e0c7b74bab001b4311fdd1bb58630b43b80be3974ca90282f633318822c082c93580febfd5421acd7ce3b0b38fe148c114a0c42ffd6faafb8ab0cff43d6471fc6ff222be6373 0x00ff54c7a2f6b5af235a704dafb1c2e166bdf67c2c6a4e54a9af84349b8676bcb0b1cc1f56f621af67921bbb82fa9806155d6024e64f6d5163ece546259169d2b054acfddfa45a8502b66ecf8582f11b23472b793a84e86599887de4f42cf8360c63251d615a4e7efee27db36d118b5761fe754c3ed3f5439ec6ec3f620378ff15d659ab0f563246cfd023b665daa3f80825788dd115e716fda26f9d55297d720b7bed0f935b254a9e99e0d3d0856421bf0ac3b1ff2bce61f0cdafa0139a7465; Pair 0x0e652b8a10100237ef90db2efe6e3aba6023659ef22d170f55871436fda45a613199fad02bff8a3dfbe00f5c4b7efe590f9287f0ef8c1458a3863459886cccd53cbb4dcb0e724891f667b30835018c8de3bc049a02105a0a55d36808a0e4b5c7 0x0a4edef9c1ed7f729f520e47730a124fd70662a904ba1074728114d1031e1572c6c886f6b57ec72a6178288c47c335771638533957d540a9d2370f17cc7ed5863bc0b995b8825e0ee1ea1e1e4d00dbae81f14b0bf3611b78c952aacab827a0530f6d4552fa65dd2638b361543f887136a43253d9c66c411697003f7a13c308f5422e1aa0a59c8967acdefd8b6e36ccf30468fb440d82b0630aeb8dca2b5256789a66da69bf91009cbfe6bd221e47aa8ae88dece9764bf3bd999d95d71e4c9899}'
storage
  (Some True)
emitted operations
  
big_map diff
  


./octez-client --mode mockup run script michelson_test_scripts/opcodes/pairing_check.tz on storage None and input '{Pair 0x19d8a1f79d761f07f5849ed60c4d8372c271ebc3b8731e888b4fd3babc15d716e64f3df671f6e9f2a1726ab29431afbf0f1de63aadf3dcc954fd5b58bda50fa8f80655aae55eb1423a97aef6e16cd7d320871359764581e6abfa735aeeda45b6 0x1988b3f37c78bf39ad0000125cdd9de7b5b774b5221d137b9dbe24b7b69f0970feab7aa52e59087b0a427de9bb6deee2190a9857b2ed4c6dcd7e5c18af6a5170ed1d6046cac81c58a6d2ade394b829ff9b8e02580c975307fa744d0747c6e68208975d9efe381be5cd300b76b887d93dba7a1f144f2c7d9714d8a0e4749519a7d4d403d12e88a4aa83859d1025b3b68c152e565a57caea54be81e13f77b4ad73b88d3e5ebe7dd227d6f3c4aa678895b73f15b30407e13732ac60c74b81de9b6e; Pair 0x10463b3743defc3aee6d6596906938450a429285990ef50b41df63889c42bdc5f1c830cd403506db9df9f1254d3f2b1f1043260bd4122e695546b10d07b5e517c0d0e8f5f0c0de13683a4ca42f6001aaae072fb3d529a8792966f2e0d5e45301 0x13e02b6052719f607dacd3a088274f65596bd0d09920b61ab5da61bbdc7f5049334cf11213945d57e5ac7d055d042b7e024aa2b2f08f0a91260805272dc51051c6e47ad4fa403b02b4510b647ae3d1770bac0326a805bbefd48056c8c121bdb80606c4a02ea734cc32acd2b02bc28b99cb3e287e85a763af267492ab572e99ab3f370d275cec1da1aaa9075ff05f79be0ce5d527727d6e118cc9cdc6da2e351aadfd9baa8cbdd3a76d429a695160d12c923ac9cc3baca289e193548608b82801}'
storage
  (Some True)
emitted operations
  
big_map diff
  


./octez-client --mode mockup run script michelson_test_scripts/opcodes/pairing_check.tz on storage None and input '{Pair 0x1273992fd0773410fcadbb55a6914c32c2314d03b4cd0b3da699e0c7b74bab001b4311fdd1bb58630b43b80be3974ca90282f633318822c082c93580febfd5421acd7ce3b0b38fe148c114a0c42ffd6faafb8ab0cff43d6471fc6ff222be6373 0x00ff54c7a2f6b5af235a704dafb1c2e166bdf67c2c6a4e54a9af84349b8676bcb0b1cc1f56f621af67921bbb82fa9806155d6024e64f6d5163ece546259169d2b054acfddfa45a8502b66ecf8582f11b23472b793a84e86599887de4f42cf8360c63251d615a4e7efee27db36d118b5761fe754c3ed3f5439ec6ec3f620378ff15d659ab0f563246cfd023b665daa3f80825788dd115e716fda26f9d55297d720b7bed0f935b254a9e99e0d3d0856421bf0ac3b1ff2bce61f0cdafa0139a7465; Pair 0x0e652b8a10100237ef90db2efe6e3aba6023659ef22d170f55871436fda45a613199fad02bff8a3dfbe00f5c4b7efe590f9287f0ef8c1458a3863459886cccd53cbb4dcb0e724891f667b30835018c8de3bc049a02105a0a55d36808a0e4b5c7 0x0a4edef9c1ed7f729f520e47730a124fd70662a904ba1074728114d1031e1572c6c886f6b57ec72a6178288c47c335771638533957d540a9d2370f17cc7ed5863bc0b995b8825e0ee1ea1e1e4d00dbae81f14b0bf3611b78c952aacab827a0530f6d4552fa65dd2638b361543f887136a43253d9c66c411697003f7a13c308f5422e1aa0a59c8967acdefd8b6e36ccf30468fb440d82b0630aeb8dca2b5256789a66da69bf91009cbfe6bd221e47aa8ae88dece9764bf3bd999d95d71e4c9899}'
storage
  (Some True)
emitted operations
  
big_map diff
  


./octez-client --mode mockup run script michelson_test_scripts/opcodes/pairing_check.tz on storage None and input '{Pair 0x19d8a1f79d761f07f5849ed60c4d8372c271ebc3b8731e888b4fd3babc15d716e64f3df671f6e9f2a1726ab29431afbf0f1de63aadf3dcc954fd5b58bda50fa8f80655aae55eb1423a97aef6e16cd7d320871359764581e6abfa735aeeda45b6 0x1988b3f37c78bf39ad0000125cdd9de7b5b774b5221d137b9dbe24b7b69f0970feab7aa52e59087b0a427de9bb6deee2190a9857b2ed4c6dcd7e5c18af6a5170ed1d6046cac81c58a6d2ade394b829ff9b8e02580c975307fa744d0747c6e68208975d9efe381be5cd300b76b887d93dba7a1f144f2c7d9714d8a0e4749519a7d4d403d12e88a4aa83859d1025b3b68c152e565a57caea54be81e13f77b4ad73b88d3e5ebe7dd227d6f3c4aa678895b73f15b30407e13732ac60c74b81de9b6e; Pair 0x10463b3743defc3aee6d6596906938450a429285990ef50b41df63889c42bdc5f1c830cd403506db9df9f1254d3f2b1f1043260bd4122e695546b10d07b5e517c0d0e8f5f0c0de13683a4ca42f6001aaae072fb3d529a8792966f2e0d5e45301 0x13e02b6052719f607dacd3a088274f65596bd0d09920b61ab5da61bbdc7f5049334cf11213945d57e5ac7d055d042b7e024aa2b2f08f0a91260805272dc51051c6e47ad4fa403b02b4510b647ae3d1770bac0326a805bbefd48056c8c121bdb80606c4a02ea734cc32acd2b02bc28b99cb3e287e85a763af267492ab572e99ab3f370d275cec1da1aaa9075ff05f79be0ce5d527727d6e118cc9cdc6da2e351aadfd9baa8cbdd3a76d429a695160d12c923ac9cc3baca289e193548608b82801}'
storage
  (Some True)
emitted operations
  
big_map diff
  


./octez-client --mode mockup run script michelson_test_scripts/opcodes/pairing_check.tz on storage None and input '{Pair 0x1273992fd0773410fcadbb55a6914c32c2314d03b4cd0b3da699e0c7b74bab001b4311fdd1bb58630b43b80be3974ca90282f633318822c082c93580febfd5421acd7ce3b0b38fe148c114a0c42ffd6faafb8ab0cff43d6471fc6ff222be6373 0x00ff54c7a2f6b5af235a704dafb1c2e166bdf67c2c6a4e54a9af84349b8676bcb0b1cc1f56f621af67921bbb82fa9806155d6024e64f6d5163ece546259169d2b054acfddfa45a8502b66ecf8582f11b23472b793a84e86599887de4f42cf8360c63251d615a4e7efee27db36d118b5761fe754c3ed3f5439ec6ec3f620378ff15d659ab0f563246cfd023b665daa3f80825788dd115e716fda26f9d55297d720b7bed0f935b254a9e99e0d3d0856421bf0ac3b1ff2bce61f0cdafa0139a7465; Pair 0x0e652b8a10100237ef90db2efe6e3aba6023659ef22d170f55871436fda45a613199fad02bff8a3dfbe00f5c4b7efe590f9287f0ef8c1458a3863459886cccd53cbb4dcb0e724891f667b30835018c8de3bc049a02105a0a55d36808a0e4b5c7 0x0a4edef9c1ed7f729f520e47730a124fd70662a904ba1074728114d1031e1572c6c886f6b57ec72a6178288c47c335771638533957d540a9d2370f17cc7ed5863bc0b995b8825e0ee1ea1e1e4d00dbae81f14b0bf3611b78c952aacab827a0530f6d4552fa65dd2638b361543f887136a43253d9c66c411697003f7a13c308f5422e1aa0a59c8967acdefd8b6e36ccf30468fb440d82b0630aeb8dca2b5256789a66da69bf91009cbfe6bd221e47aa8ae88dece9764bf3bd999d95d71e4c9899}'
storage
  (Some True)
emitted operations
  
big_map diff
  


./octez-client --mode mockup run script michelson_test_scripts/opcodes/pairing_check.tz on storage None and input '{Pair 0x19d8a1f79d761f07f5849ed60c4d8372c271ebc3b8731e888b4fd3babc15d716e64f3df671f6e9f2a1726ab29431afbf0f1de63aadf3dcc954fd5b58bda50fa8f80655aae55eb1423a97aef6e16cd7d320871359764581e6abfa735aeeda45b6 0x1988b3f37c78bf39ad0000125cdd9de7b5b774b5221d137b9dbe24b7b69f0970feab7aa52e59087b0a427de9bb6deee2190a9857b2ed4c6dcd7e5c18af6a5170ed1d6046cac81c58a6d2ade394b829ff9b8e02580c975307fa744d0747c6e68208975d9efe381be5cd300b76b887d93dba7a1f144f2c7d9714d8a0e4749519a7d4d403d12e88a4aa83859d1025b3b68c152e565a57caea54be81e13f77b4ad73b88d3e5ebe7dd227d6f3c4aa678895b73f15b30407e13732ac60c74b81de9b6e; Pair 0x10463b3743defc3aee6d6596906938450a429285990ef50b41df63889c42bdc5f1c830cd403506db9df9f1254d3f2b1f1043260bd4122e695546b10d07b5e517c0d0e8f5f0c0de13683a4ca42f6001aaae072fb3d529a8792966f2e0d5e45301 0x13e02b6052719f607dacd3a088274f65596bd0d09920b61ab5da61bbdc7f5049334cf11213945d57e5ac7d055d042b7e024aa2b2f08f0a91260805272dc51051c6e47ad4fa403b02b4510b647ae3d1770bac0326a805bbefd48056c8c121bdb80606c4a02ea734cc32acd2b02bc28b99cb3e287e85a763af267492ab572e99ab3f370d275cec1da1aaa9075ff05f79be0ce5d527727d6e118cc9cdc6da2e351aadfd9baa8cbdd3a76d429a695160d12c923ac9cc3baca289e193548608b82801}'
storage
  (Some True)
emitted operations
  
big_map diff
  


./octez-client --mode mockup run script michelson_test_scripts/opcodes/pairing_check.tz on storage None and input '{Pair 0x1273992fd0773410fcadbb55a6914c32c2314d03b4cd0b3da699e0c7b74bab001b4311fdd1bb58630b43b80be3974ca90282f633318822c082c93580febfd5421acd7ce3b0b38fe148c114a0c42ffd6faafb8ab0cff43d6471fc6ff222be6373 0x00ff54c7a2f6b5af235a704dafb1c2e166bdf67c2c6a4e54a9af84349b8676bcb0b1cc1f56f621af67921bbb82fa9806155d6024e64f6d5163ece546259169d2b054acfddfa45a8502b66ecf8582f11b23472b793a84e86599887de4f42cf8360c63251d615a4e7efee27db36d118b5761fe754c3ed3f5439ec6ec3f620378ff15d659ab0f563246cfd023b665daa3f80825788dd115e716fda26f9d55297d720b7bed0f935b254a9e99e0d3d0856421bf0ac3b1ff2bce61f0cdafa0139a7465; Pair 0x0e652b8a10100237ef90db2efe6e3aba6023659ef22d170f55871436fda45a613199fad02bff8a3dfbe00f5c4b7efe590f9287f0ef8c1458a3863459886cccd53cbb4dcb0e724891f667b30835018c8de3bc049a02105a0a55d36808a0e4b5c7 0x0a4edef9c1ed7f729f520e47730a124fd70662a904ba1074728114d1031e1572c6c886f6b57ec72a6178288c47c335771638533957d540a9d2370f17cc7ed5863bc0b995b8825e0ee1ea1e1e4d00dbae81f14b0bf3611b78c952aacab827a0530f6d4552fa65dd2638b361543f887136a43253d9c66c411697003f7a13c308f5422e1aa0a59c8967acdefd8b6e36ccf30468fb440d82b0630aeb8dca2b5256789a66da69bf91009cbfe6bd221e47aa8ae88dece9764bf3bd999d95d71e4c9899}'
storage
  (Some True)
emitted operations
  
big_map diff
  


./octez-client --mode mockup run script michelson_test_scripts/opcodes/pairing_check.tz on storage None and input '{Pair 0x19d8a1f79d761f07f5849ed60c4d8372c271ebc3b8731e888b4fd3babc15d716e64f3df671f6e9f2a1726ab29431afbf0f1de63aadf3dcc954fd5b58bda50fa8f80655aae55eb1423a97aef6e16cd7d320871359764581e6abfa735aeeda45b6 0x1988b3f37c78bf39ad0000125cdd9de7b5b774b5221d137b9dbe24b7b69f0970feab7aa52e59087b0a427de9bb6deee2190a9857b2ed4c6dcd7e5c18af6a5170ed1d6046cac81c58a6d2ade394b829ff9b8e02580c975307fa744d0747c6e68208975d9efe381be5cd300b76b887d93dba7a1f144f2c7d9714d8a0e4749519a7d4d403d12e88a4aa83859d1025b3b68c152e565a57caea54be81e13f77b4ad73b88d3e5ebe7dd227d6f3c4aa678895b73f15b30407e13732ac60c74b81de9b6e; Pair 0x10463b3743defc3aee6d6596906938450a429285990ef50b41df63889c42bdc5f1c830cd403506db9df9f1254d3f2b1f1043260bd4122e695546b10d07b5e517c0d0e8f5f0c0de13683a4ca42f6001aaae072fb3d529a8792966f2e0d5e45301 0x13e02b6052719f607dacd3a088274f65596bd0d09920b61ab5da61bbdc7f5049334cf11213945d57e5ac7d055d042b7e024aa2b2f08f0a91260805272dc51051c6e47ad4fa403b02b4510b647ae3d1770bac0326a805bbefd48056c8c121bdb80606c4a02ea734cc32acd2b02bc28b99cb3e287e85a763af267492ab572e99ab3f370d275cec1da1aaa9075ff05f79be0ce5d527727d6e118cc9cdc6da2e351aadfd9baa8cbdd3a76d429a695160d12c923ac9cc3baca289e193548608b82801}'
storage
  (Some True)
emitted operations
  
big_map diff
  


./octez-client --mode mockup run script michelson_test_scripts/opcodes/pairing_check.tz on storage None and input '{Pair 0x1273992fd0773410fcadbb55a6914c32c2314d03b4cd0b3da699e0c7b74bab001b4311fdd1bb58630b43b80be3974ca90282f633318822c082c93580febfd5421acd7ce3b0b38fe148c114a0c42ffd6faafb8ab0cff43d6471fc6ff222be6373 0x00ff54c7a2f6b5af235a704dafb1c2e166bdf67c2c6a4e54a9af84349b8676bcb0b1cc1f56f621af67921bbb82fa9806155d6024e64f6d5163ece546259169d2b054acfddfa45a8502b66ecf8582f11b23472b793a84e86599887de4f42cf8360c63251d615a4e7efee27db36d118b5761fe754c3ed3f5439ec6ec3f620378ff15d659ab0f563246cfd023b665daa3f80825788dd115e716fda26f9d55297d720b7bed0f935b254a9e99e0d3d0856421bf0ac3b1ff2bce61f0cdafa0139a7465; Pair 0x0e652b8a10100237ef90db2efe6e3aba6023659ef22d170f55871436fda45a613199fad02bff8a3dfbe00f5c4b7efe590f9287f0ef8c1458a3863459886cccd53cbb4dcb0e724891f667b30835018c8de3bc049a02105a0a55d36808a0e4b5c7 0x0a4edef9c1ed7f729f520e47730a124fd70662a904ba1074728114d1031e1572c6c886f6b57ec72a6178288c47c335771638533957d540a9d2370f17cc7ed5863bc0b995b8825e0ee1ea1e1e4d00dbae81f14b0bf3611b78c952aacab827a0530f6d4552fa65dd2638b361543f887136a43253d9c66c411697003f7a13c308f5422e1aa0a59c8967acdefd8b6e36ccf30468fb440d82b0630aeb8dca2b5256789a66da69bf91009cbfe6bd221e47aa8ae88dece9764bf3bd999d95d71e4c9899}'
storage
  (Some True)
emitted operations
  
big_map diff
  

