
./octez-client --mode mockup run script michelson_test_scripts/opcodes/neg_bls12_381_g2.tz on storage None and input 0x13e02b6052719f607dacd3a088274f65596bd0d09920b61ab5da61bbdc7f5049334cf11213945d57e5ac7d055d042b7e024aa2b2f08f0a91260805272dc51051c6e47ad4fa403b02b4510b647ae3d1770bac0326a805bbefd48056c8c121bdb80606c4a02ea734cc32acd2b02bc28b99cb3e287e85a763af267492ab572e99ab3f370d275cec1da1aaa9075ff05f79be0ce5d527727d6e118cc9cdc6da2e351aadfd9baa8cbdd3a76d429a695160d12c923ac9cc3baca289e193548608b82801
storage
  (Some 0x13e02b6052719f607dacd3a088274f65596bd0d09920b61ab5da61bbdc7f5049334cf11213945d57e5ac7d055d042b7e024aa2b2f08f0a91260805272dc51051c6e47ad4fa403b02b4510b647ae3d1770bac0326a805bbefd48056c8c121bdb813fa4d4a0ad8b1ce186ed5061789213d993923066dddaf1040bc3ff59f825c78df74f2d75467e25e0f55f8a00fa030ed0d1b3cc2c7027888be51d9ef691d77bcb679afda66c73f17f9ee3837a55024f78c71363275a75d75d86bab79f74782aa)
emitted operations
  
big_map diff
  


./octez-client --mode mockup run script michelson_test_scripts/opcodes/neg_bls12_381_g2.tz on storage None and input 0x400000000000000000000000000000000000000000000000000000000000000000000000000000000000000000000000000000000000000000000000000000000000000000000000000000000000000000000000000000000000000000000000000000000000000000000000000000000000000000000000000000000000000000000000000000000000000000000000000000000000000000000000000000000000000000000000000000000000000000000000000000000000000000000000
storage
  (Some 0x400000000000000000000000000000000000000000000000000000000000000000000000000000000000000000000000000000000000000000000000000000000000000000000000000000000000000000000000000000000000000000000000000000000000000000000000000000000000000000000000000000000000000000000000000000000000000000000000000000000000000000000000000000000000000000000000000000000000000000000000000000000000000000000000)
emitted operations
  
big_map diff
  


./octez-client --mode mockup run script michelson_test_scripts/opcodes/neg_bls12_381_g2.tz on storage None and input 0x048e66c003cb07b01854c4e80e9b98d54bc9ed9a47193ae67676629a6edf46de3b8c46581bfa87764bd637d550a172f6167ceebaa1c1ea190460215c6e154e1226915289185cf04612cef778ebfe42fed44f853011b96c19b8a2cf350168729904e4105e5754ea825e0a601b9c5c60b710fd602ffec940d64d8e2f1e322cb82d89cc810d20493acbee4b17134cc17bbf0355d9302cff8d6bafec975a002475f21e1462a3012a3c63ec2ea920ed5bf3f8904f13b25aad41b0006923bd219d1156
storage
  (Some 0x048e66c003cb07b01854c4e80e9b98d54bc9ed9a47193ae67676629a6edf46de3b8c46581bfa87764bd637d550a172f6167ceebaa1c1ea190460215c6e154e1226915289185cf04612cef778ebfe42fed44f853011b96c19b8a2cf3501687299151d018be22afc17ed11479aa6ef4c205379eb54f4bbd1e919a2a382c4843df694df7ef1910ac533cbb3e8ecb33e2eec16ab38ba0c80592e9b2f105c432736e54662e8e1f25ad65b7b0229800955022b8e5cec4c56a6be4fb995dc42de629955)
emitted operations
  
big_map diff
  


./octez-client --mode mockup run script michelson_test_scripts/opcodes/neg_bls12_381_g2.tz on storage None and input 0x0279884628439bc4921371297859280eabd9d6c0e53cad71c8f8934739ba50d79ddd1544843235aba1a26a36bfb2ced515b40eb2039356276eee81389605b8ae6c904f8a27e885c4d159ae033471da9c141eba99ee5efad947dbfa999af6cfd10e89f82bebc80ff26cdb42a43ce189cd850aa9ee907011b14a3e441f1579b344ca548392c5ef1c0a0dec0c37685434d605616919129aebc3bcf44d3c0c99917259da7fba1dd439c1277ae9867389838f75b9b54e608b39ef13dd1e1f6f34d327
storage
  (Some 0x0279884628439bc4921371297859280eabd9d6c0e53cad71c8f8934739ba50d79ddd1544843235aba1a26a36bfb2ced515b40eb2039356276eee81389605b8ae6c904f8a27e885c4d159ae033471da9c141eba99ee5efad947dbfa999af6cfd10b7719be4db7d6a7de406512066a2309df6ca1966315010e1cf28e81e13742df54577c6beb64e3f5ac12f3c897ab75d5149fa8d126e4fad68e275a7a36b21b650a9ccbcad5b0d8fe3fb5e91a83277294a8f24ab050c8c610a621e1e090cad784)
emitted operations
  
big_map diff
  


./octez-client --mode mockup run script michelson_test_scripts/opcodes/neg_bls12_381_g2.tz on storage None and input 0x0664d0fddc05400c4fab60bef6dcd339ae3f99bcba072227f08d1c283f51397c8ac042fcb31dd0d52ee3986f7e9eb2eb024fdce315613dfa85c3e7cccdeee2c8536e373f1ed97451f49d1bfbb10bf074bd3e5bdea86f4a1d9cef681520476eb8011f91cd640137e50858031b17fd804186b02ecced72943a70f03aa0acfe8ff719cce17bfe61281a1f602f16d815a94f09b2d474cc03bf3959d6f0b0707dd819682c2dcf1868847cd38822958836f514de23039d1b2b9345c648c6883f33c1ca
storage
  (Some 0x0664d0fddc05400c4fab60bef6dcd339ae3f99bcba072227f08d1c283f51397c8ac042fcb31dd0d52ee3986f7e9eb2eb024fdce315613dfa85c3e7cccdeee2c8536e373f1ed97451f49d1bfbb10bf074bd3e5bdea86f4a1d9cef681520476eb818e1801cd57eaeb542c3a49b2b4e2c95ddc71cb806127e84f640980049b2662d04df1e82b2f2d7e59a9ed0e927ea015c104e3d756d7c2760f144b705d2cdd4bdfc4b1db5db1c8e4293a8b00b6e7a010f4088fc6196286cb9f3b63977c0cbe8e1)
emitted operations
  
big_map diff
  


./octez-client --mode mockup run script michelson_test_scripts/opcodes/neg_bls12_381_g2.tz on storage None and input 0x021e2fdfb66974000c5d51f648aceb27115721c2d1de3678929a17435e8eb039e0d8f89d4d093a700d100a8c9a01934c197a4e20085a20e451e22f46979eda8e5b7061280cb58e157e3f0a5073b6656c0574b47b5e0410574a3b452c6e447ccd069e5ea022fe4477e3d1a0d977b22a9cdc334696fc1e8c2d72eb8f252cb2e1bc153ded2b3555796173bc3d2b27cdb8af19f0db2807565282e9a5693dce3f680084e1598f5ac7baeff955132509af4b99516829f885b96475450803977b14b9b5
storage
  (Some 0x021e2fdfb66974000c5d51f648aceb27115721c2d1de3678929a17435e8eb039e0d8f89d4d093a700d100a8c9a01934c197a4e20085a20e451e22f46979eda8e5b7061280cb58e157e3f0a5073b6656c0574b47b5e0410574a3b452c6e447ccd1362b34a1681a222674a06dccb99823a884404edf7668691f445437bc9fe1468096e12d37bfe869e4642c2d4d831f1fc001036c23229941761763e78750c44d6df95f1f598bd57cf6ddbbf7bed01aa8acd43d6062b9a9b8a74f6fc6884eaf0f6)
emitted operations
  
big_map diff
  


./octez-client --mode mockup run script michelson_test_scripts/opcodes/neg_bls12_381_g2.tz on storage None and input 0x015c946c13b84387740cf5819727445ee94c61f228c340efe76a8cf1b8017447a6ace3df4b7e75a45a05f84bfa6b8e3a027c66ee9b741edf50726225783b632f976d1013edef14c60189217e297bb5020cd6c0412a4a436b189f1233e37a5eba0acd635037368f1935ee3230f1c5cbec4b4bc2e1e3ff1b98565ae587e892256b1819864544a1f6a885b072a7327e9db90a638d10badf925882d7a55d3b24ab1b612b142b16860426ae1e78d2f0cfe830d6f8111196e199c009ed86af4262c732
storage
  (Some 0x015c946c13b84387740cf5819727445ee94c61f228c340efe76a8cf1b8017447a6ace3df4b7e75a45a05f84bfa6b8e3a027c66ee9b741edf50726225783b632f976d1013edef14c60189217e297bb5020cd6c0412a4a436b189f1233e37a5eba0f33ae9a02495781152d75855185e0eb192b88a30f85f72710d5ed190e1ed0b9069279b96cb20957344e8d58cd810cf20f9d84d97ea05441c8440259082701bc034c3759dcff0e98b91259ce05e10df347b3eeed1a72663fb0117950bd9ce379)
emitted operations
  
big_map diff
  


./octez-client --mode mockup run script michelson_test_scripts/opcodes/neg_bls12_381_g2.tz on storage None and input 0x185cddf00204fa60aa0d2d31a7f6e72282bd818d99b2592caf7f8bf7aecdc744edb257e30aec8d8d784fdec3429b4dd40c311f3decd4f1fec6d1bfc2d5d0a521f3969a3633b8834b4f145d8ef4995704339c31df383192f5968ebe313b421c370843c35546dea1249740ea2fcf739f6f3174aa29e66035c3719cdc3fe8de63171a60ea9d014c1d15b3cd59a76174af8e0ec08dbe0c97d6e36062d1ed24abd7df1283fa901202595a508418367616bc053321ea8c12776d4f7edf33ed2961bf9c
storage
  (Some 0x185cddf00204fa60aa0d2d31a7f6e72282bd818d99b2592caf7f8bf7aecdc744edb257e30aec8d8d784fdec3429b4dd40c311f3decd4f1fec6d1bfc2d5d0a521f3969a3633b8834b4f145d8ef4995704339c31df383192f5968ebe313b421c3711bd4e94f2a14575b3dabd8673d80d683302a15b0d24dcfbf593f6610dd2930d044b1561b007e2ea0631a6589e8afb1d0b40842c2ce80fb6eab8d5c91e9fd4f851f350f4e182b96516acba6a809a3a1eeb8a15729edc92b03b1fcc12d69deb0f)
emitted operations
  
big_map diff
  


./octez-client --mode mockup run script michelson_test_scripts/opcodes/neg_bls12_381_g2.tz on storage None and input 0x0d842634253f976abc6b2f8717b67f07a04654495973639815bf7c4f8fe9ef66fb72737ece8efb14185f92c7d64696d318509f5e9d5016313639090c92ea510f416cd36737dd35f3a2ac5cb28fbbb81eceaf82eaef2c5a2bcd0a699d2f600d710ccab9e4ad4e3a0eb29a75ef0aa81f267c09771d033a647c30797614e858e44243536f9a266253740e3dbcdcdb1281f010ac32d557c97964138b3772252e7e12b1e2b3875ea6997a9b19c40a3cd85d1ddef1da1a113ce507767910850b7fb1b9
storage
  (Some 0x0d842634253f976abc6b2f8717b67f07a04654495973639815bf7c4f8fe9ef66fb72737ece8efb14185f92c7d64696d318509f5e9d5016313639090c92ea510f416cd36737dd35f3a2ac5cb28fbbb81eceaf82eaef2c5a2bcd0a699d2f600d710d3658058c31ac8b988131c738a38db0e86dd467f04aae4336b75c8c0e5811e1db5890648af1ac8babc1432324ed28bb0954df14e1b66d36379070441e1d2ec4b29497fd94de7944cc170e96b9d899063fba25e4a0171af84385ef7af47ff8f2)
emitted operations
  
big_map diff
  


./octez-client --mode mockup run script michelson_test_scripts/opcodes/neg_bls12_381_g2.tz on storage None and input 0x0d1078cb857c9220d0767d2359193a6ecac1f925f6104b076daf32da2cb557b8674fa40d849f2be08b713eb6c42a2fff094506665ae13319746c7602208d7d57aec06a06c4955872cc172f79bc81a0a2f35721678b744765ae9f6b061ec7429800e64eef0c195db63adffd0752831911603726fb2c46f2e4dea0fe248db1804040b2116cc39d18097f0861c9edf693de0318176434767463a35fb0e4e1e502338eae73cd5504a5f89fd8b77191b6b671f955dcf53568fb8a7e2e2785caa553f7
storage
  (Some 0x0d1078cb857c9220d0767d2359193a6ecac1f925f6104b076daf32da2cb557b8674fa40d849f2be08b713eb6c42a2fff094506665ae13319746c7602208d7d57aec06a06c4955872cc172f79bc81a0a2f35721678b744765ae9f6b061ec74298191ac2fb2d6688e4103baaaef0c893c604402489c73e1fda888fd47c68ff75e3ddf9ee91edb6e7f63af69e36120916cd16e8fa8605097236a7bbf6d16166aaa3d5c8d7b79e806cc6c7581b2f64fa3fb2255623097beb04753bd0d87a355a56b4)
emitted operations
  
big_map diff
  


./octez-client --mode mockup run script michelson_test_scripts/opcodes/neg_bls12_381_g2.tz on storage None and input 0x04b3ce0ec841968d60e14eadbd8f26db9409bde0465611d10c81ce13c01e7c8ce8859e836c9d481e672af7e1abb5fb0401b2d53814b8df9a7c1f6d77ba0626f3f1e5d301f5138a734b56de63596c49af4664151e3801e19b0618fce9c8d10d3a0bd73b3feca6193cb001e62c07d4cf59693147c7caa935ef5375218ebd5b8cbe458f11dac41574f4a3b5233195e485391261cb6b26c6119d858001aba299c1eff01acbbe3658b05a5420bc36de8a5d636af87ed01584272a2fc733ac02fc8f18
storage
  (Some 0x04b3ce0ec841968d60e14eadbd8f26db9409bde0465611d10c81ce13c01e7c8ce8859e836c9d481e672af7e1abb5fb0401b2d53814b8df9a7c1f6d77ba0626f3f1e5d301f5138a734b56de63596c49af4664151e3801e19b0618fce9c8d10d3a0e29d6aa4cd9cd5d9b19c18a3b76dd7dfb4603bd28dbdcd013bbb11239556965d91cee23ed3e8b0b1649dcce6a1b2572079f467f12b9d4fcc59ba60aa0b1eae7745c7fc6bd2c62651310166a182698c0b3b3812e9bcfd8d58a37cc53fd031b93)
emitted operations
  
big_map diff
  


./octez-client --mode mockup run script michelson_test_scripts/opcodes/neg_bls12_381_g2.tz on storage None and input 0x068737d03f75944a6de3af8006cc46deabba7c08bd1c500094ead2c446b18a04093685cace99d6c7ddd2857455432193041bc6fd71097603e7a410cb79b338bd078a2ac96574afff4b84f205e08bf84c0eca52fe4fe7bd95602e7dd80d90a7521483214ace5e068f53c5fc0b8074427ca378ceca4f6ab8e02300f7853f86b0660449fee3d2c9b022f32f0f27d1c47c2d0838a322ce0e2778df346ff82758f57f7fc6ea1efd5a38a26f5fb08f30a4b3449153012f09cf53e6ac9b430a868ee6a7
storage
  (Some 0x068737d03f75944a6de3af8006cc46deabba7c08bd1c500094ead2c446b18a04093685cace99d6c7ddd2857455432193041bc6fd71097603e7a410cb79b338bd078a2ac96574afff4b84f205e08bf84c0eca52fe4fe7bd95602e7dd80d90a752057df09f6b21e00af755abaac2d76a5ac0fe7cbaa41a59df442fdb1bb72a45be1a62011ade8a4fdcc6cff0d82e3b2e7e11c86ec76b71bf216be737be1bf2b757e4b06165f62ada1cf7d12211c60c42df8d58fecfa784ac190d63bcf57970c404)
emitted operations
  
big_map diff
  

