
./octez-codec encode 021-PsQuebec.voting_period from '{
  "start_position": 1159026,
  "kind": "proposal",
  "index": 0
}'
00000000000011af72

./octez-codec decode 021-PsQuebec.voting_period from 00000000000011af72
{ "index": 0, "kind": "proposal", "start_position": 1159026 }

./octez-codec encode 021-PsQuebec.voting_period from '{
  "start_position": 0,
  "kind": "proposal",
  "index": 0
}'
000000000000000000

./octez-codec decode 021-PsQuebec.voting_period from 000000000000000000
{ "index": 0, "kind": "proposal", "start_position": 0 }
