
./octez-codec encode 021-PsQuebec.block_header from '{
  "level": 1331,
  "proto": 1,
  "predecessor": "BKpbfCvh777DQHnXjU2sqHvVUNZ7dBAdqEfKkdw8EGSkD9LSYXb",
  "timestamp": "2020-04-20T16:20:00Z",
  "validation_pass": 2,
  "operations_hash": "LLoZqBDX1E2ADRXbmwYo8VtMNeHG6Ygzmm4Zqv97i91UPBQHy9Vq3",
  "fitness": [
    "01",
    "000000000000000a"
  ],
  "context": "CoVDyf9y9gHfAkPWofBJffo4X4bWjmehH2LeVonDcCKKzyQYwqdk",
  "proof_of_work_nonce": "101895ca00000000",
  "seed_nonce_hash": "nceUFoeQDgkJCmzdMWh19ZjBYqQD3N9fe6bXQ1ZsUKKvMn7iun5Z3",
  "liquidity_baking_toggle_vote": "off",
  "adaptive_issuance_vote": "on",
  "signature": "sigbQ5ZNvkjvGssJgoAnUAfY4Wvvg3QZqawBYB1j1VDBNTMBAALnCzRHWzer34bnfmzgHg3EvwdzQKdxgSghB897cono6gbQ",
  "payload_hash": "vh1g87ZG6scSYxKhspAUzprQVuLAyoa5qMBKcUfjgnQGnFb3dJcG",
  "payload_round": 0
}'
00000533010e5751c026e543b2e8ab2eb06099daa1d1e5df47778f7787faab45cdf12fe3a8000000005e9dcbb00242e9bc4583d4f9fa6ba422733f45d3a44397141a953d2237bf8df62e5046eef700000011000000010100000008000000000000000a4c7319284b55068bb7c4e0b9f8585729db7fb27ab4ca9cff2038a1fc324f650c000000000000000000000000000000000000000000000000000000000000000000000000101895ca00000000ff043691f53c02ca1ac6f1a0c1586bf77973e04c2d9b618a8309e79651daf0d5580166804fe735e06e97e26da8236b6341b91c625d5e82b3524ec0a88cc982365e70f8a5b9bc65df2ea6d21ee244cc3a96fb33031c394c78b1179ff1b8a44237740c

./octez-codec decode 021-PsQuebec.block_header from 00000533010e5751c026e543b2e8ab2eb06099daa1d1e5df47778f7787faab45cdf12fe3a8000000005e9dcbb00242e9bc4583d4f9fa6ba422733f45d3a44397141a953d2237bf8df62e5046eef700000011000000010100000008000000000000000a4c7319284b55068bb7c4e0b9f8585729db7fb27ab4ca9cff2038a1fc324f650c000000000000000000000000000000000000000000000000000000000000000000000000101895ca00000000ff043691f53c02ca1ac6f1a0c1586bf77973e04c2d9b618a8309e79651daf0d5580166804fe735e06e97e26da8236b6341b91c625d5e82b3524ec0a88cc982365e70f8a5b9bc65df2ea6d21ee244cc3a96fb33031c394c78b1179ff1b8a44237740c
{ "level": 1331, "proto": 1,
  "predecessor": "BKpbfCvh777DQHnXjU2sqHvVUNZ7dBAdqEfKkdw8EGSkD9LSYXb",
  "timestamp": "2020-04-20T16:20:00Z", "validation_pass": 2,
  "operations_hash": "LLoZqBDX1E2ADRXbmwYo8VtMNeHG6Ygzmm4Zqv97i91UPBQHy9Vq3",
  "fitness": [ "01", "000000000000000a" ],
  "context": "CoVDyf9y9gHfAkPWofBJffo4X4bWjmehH2LeVonDcCKKzyQYwqdk",
  "payload_hash": "vh1g87ZG6scSYxKhspAUzprQVuLAyoa5qMBKcUfjgnQGnFb3dJcG",
  "payload_round": 0, "proof_of_work_nonce": "101895ca00000000",
  "seed_nonce_hash": "nceUFoeQDgkJCmzdMWh19ZjBYqQD3N9fe6bXQ1ZsUKKvMn7iun5Z3",
  "liquidity_baking_toggle_vote": "off", "adaptive_issuance_vote": "on",
  "signature":
    "sigbQ5ZNvkjvGssJgoAnUAfY4Wvvg3QZqawBYB1j1VDBNTMBAALnCzRHWzer34bnfmzgHg3EvwdzQKdxgSghB897cono6gbQ" }
