
trace
  - CAR (interp) @ location: 15
    [ (Pair (Pair (Pair (Pair "abc" { 1 ; 2 ; 3 }) { 4 ; 5 ; 6 })
                  0x0507070707010000000361626302000000060001000200030200000006000400050006)
            Unit) ]
  - CAR (entry) @ location: 15
    [ (Pair (Pair (Pair (Pair "abc" { 1 ; 2 ; 3 }) { 4 ; 5 ; 6 })
                  0x0507070707010000000361626302000000060001000200030200000006000400050006)
            Unit) ]
    - log/UNPAIR (exit) @ location: 15
      [ (Pair (Pair (Pair "abc" { 1 ; 2 ; 3 }) { 4 ; 5 ; 6 })
              0x0507070707010000000361626302000000060001000200030200000006000400050006) ]
  - UNPAIR (entry) @ location: 16
    [ (Pair (Pair (Pair "abc" { 1 ; 2 ; 3 }) { 4 ; 5 ; 6 })
            0x0507070707010000000361626302000000060001000200030200000006000400050006) ]
    - log/DIP (exit) @ location: 16
      [ (Pair (Pair "abc" { 1 ; 2 ; 3 }) { 4 ; 5 ; 6 })
        0x0507070707010000000361626302000000060001000200030200000006000400050006 ]
  - DIP (entry) @ location: 17
    [ (Pair (Pair "abc" { 1 ; 2 ; 3 }) { 4 ; 5 ; 6 })
      0x0507070707010000000361626302000000060001000200030200000006000400050006 ]
    - log/DUP (exit) @ location: 17
      [ 0x0507070707010000000361626302000000060001000200030200000006000400050006 ]
  - DUP (entry) @ location: 19
    [ 0x0507070707010000000361626302000000060001000200030200000006000400050006 ]
    - log/[halt] (exit) @ location: 19
      [ 0x0507070707010000000361626302000000060001000200030200000006000400050006
        0x0507070707010000000361626302000000060001000200030200000006000400050006 ]
  - [halt] (entry) @ location: 19
    [ 0x0507070707010000000361626302000000060001000200030200000006000400050006
      0x0507070707010000000361626302000000060001000200030200000006000400050006 ]
    - control: KUndip
    - control: KCons
    - log/PACK (exit) @ location: 17
      [ (Pair (Pair "abc" { 1 ; 2 ; 3 }) { 4 ; 5 ; 6 })
        0x0507070707010000000361626302000000060001000200030200000006000400050006
        0x0507070707010000000361626302000000060001000200030200000006000400050006 ]
  - PACK (entry) @ location: 20
    [ (Pair (Pair "abc" { 1 ; 2 ; 3 }) { 4 ; 5 ; 6 })
      0x0507070707010000000361626302000000060001000200030200000006000400050006
      0x0507070707010000000361626302000000060001000200030200000006000400050006 ]
    - log/COMPARE (exit) @ location: 20
      [ 0x0507070707010000000361626302000000060001000200030200000006000400050006
        0x0507070707010000000361626302000000060001000200030200000006000400050006
        0x0507070707010000000361626302000000060001000200030200000006000400050006 ]
  - COMPARE (entry) @ location: 23
    [ 0x0507070707010000000361626302000000060001000200030200000006000400050006
      0x0507070707010000000361626302000000060001000200030200000006000400050006
      0x0507070707010000000361626302000000060001000200030200000006000400050006 ]
    - log/EQ (exit) @ location: 23
      [ 0
        0x0507070707010000000361626302000000060001000200030200000006000400050006 ]
  - EQ (entry) @ location: 24
    [ 0
      0x0507070707010000000361626302000000060001000200030200000006000400050006 ]
    - log/IF (exit) @ location: 24
      [ True
        0x0507070707010000000361626302000000060001000200030200000006000400050006 ]
  - IF (entry) @ location: 25
    [ True
      0x0507070707010000000361626302000000060001000200030200000006000400050006 ]
    - log/[halt] (exit) @ location: 25
      [ 0x0507070707010000000361626302000000060001000200030200000006000400050006 ]
  - [halt] (entry) @ location: 31
    [ 0x0507070707010000000361626302000000060001000200030200000006000400050006 ]
    - control: KCons
    - log/UNPACK (exit) @ location: 25
      [ 0x0507070707010000000361626302000000060001000200030200000006000400050006 ]
  - UNPACK (entry) @ location: 31
    [ 0x0507070707010000000361626302000000060001000200030200000006000400050006 ]
    - log/IF_NONE (exit) @ location: 31
      [ (Some (Pair (Pair "abc" { 1 ; 2 ; 3 }) { 4 ; 5 ; 6 })) ]
  - IF_NONE (entry) @ location: 40
    [ (Some (Pair (Pair "abc" { 1 ; 2 ; 3 }) { 4 ; 5 ; 6 })) ]
    - log/[halt] (exit) @ location: 40
      [ (Pair (Pair "abc" { 1 ; 2 ; 3 }) { 4 ; 5 ; 6 }) ]
  - [halt] (entry) @ location: 46
    [ (Pair (Pair "abc" { 1 ; 2 ; 3 }) { 4 ; 5 ; 6 }) ]
    - control: KCons
    - log/DROP (exit) @ location: 40
      [ (Pair (Pair "abc" { 1 ; 2 ; 3 }) { 4 ; 5 ; 6 }) ]
  - DROP (entry) @ location: 46
    [ (Pair (Pair "abc" { 1 ; 2 ; 3 }) { 4 ; 5 ; 6 }) ]
    - log/UNIT (exit) @ location: 46
      [  ]
  - UNIT (entry) @ location: 47
    [  ]
    - log/NIL (exit) @ location: 47
      [ Unit ]
  - NIL (entry) @ location: 48
    [ Unit ]
    - log/PAIR (exit) @ location: 48
      [ {}
        Unit ]
  - PAIR (entry) @ location: 50
    [ {}
      Unit ]
    - log/[halt] (exit) @ location: 50
      [ (Pair {} Unit) ]
  - [halt] (entry) @ location: 14
    [ (Pair {} Unit) ]
    - control: KNil
